Product: MDK-ARM Standard 5.10
Component: ARM Compiler 5.04 update 1 (build 49)
Tool: armlink [5040049]

==============================================================================

Section Cross References

    stm32l1xx_hal_cortex.o(i.HAL_MPU_ConfigRegion) refers to board.o(i.assert_failed) for assert_failed
    stm32l1xx_hal_cortex.o(i.HAL_NVIC_DisableIRQ) refers to board.o(i.assert_failed) for assert_failed
    stm32l1xx_hal_cortex.o(i.HAL_NVIC_EnableIRQ) refers to board.o(i.assert_failed) for assert_failed
    stm32l1xx_hal_cortex.o(i.HAL_NVIC_GetPriority) refers to board.o(i.assert_failed) for assert_failed
    stm32l1xx_hal_cortex.o(i.HAL_NVIC_SetPriority) refers to board.o(i.assert_failed) for assert_failed
    stm32l1xx_hal_cortex.o(i.HAL_NVIC_SetPriority) refers to stm32l1xx_hal_cortex.o(i.NVIC_SetPriority) for NVIC_SetPriority
    stm32l1xx_hal_cortex.o(i.HAL_NVIC_SetPriorityGrouping) refers to board.o(i.assert_failed) for assert_failed
    stm32l1xx_hal_cortex.o(i.HAL_SYSTICK_CLKSourceConfig) refers to board.o(i.assert_failed) for assert_failed
    stm32l1xx_hal_cortex.o(i.HAL_SYSTICK_Config) refers to stm32l1xx_hal_cortex.o(i.NVIC_SetPriority) for NVIC_SetPriority
    stm32l1xx_hal_cortex.o(i.HAL_SYSTICK_IRQHandler) refers to stm32l1xx_hal_cortex.o(i.HAL_SYSTICK_Callback) for HAL_SYSTICK_Callback
    stm32l1xx_hal_flash.o(i.FLASH_SetErrorCode) refers to stm32l1xx_hal_flash.o(.bss) for .bss
    stm32l1xx_hal_flash.o(i.FLASH_WaitForLastOperation) refers to stm32l1xx_hal.o(i.HAL_GetTick) for HAL_GetTick
    stm32l1xx_hal_flash.o(i.FLASH_WaitForLastOperation) refers to stm32l1xx_hal_flash.o(i.FLASH_SetErrorCode) for FLASH_SetErrorCode
    stm32l1xx_hal_flash.o(i.HAL_FLASH_GetError) refers to stm32l1xx_hal_flash.o(.bss) for .bss
    stm32l1xx_hal_flash.o(i.HAL_FLASH_IRQHandler) refers to stm32l1xx_hal_flash.o(i.FLASH_SetErrorCode) for FLASH_SetErrorCode
    stm32l1xx_hal_flash.o(i.HAL_FLASH_IRQHandler) refers to stm32l1xx_hal_flash.o(i.HAL_FLASH_OperationErrorCallback) for HAL_FLASH_OperationErrorCallback
    stm32l1xx_hal_flash.o(i.HAL_FLASH_IRQHandler) refers to stm32l1xx_hal_flash.o(i.HAL_FLASH_EndOfOperationCallback) for HAL_FLASH_EndOfOperationCallback
    stm32l1xx_hal_flash.o(i.HAL_FLASH_IRQHandler) refers to stm32l1xx_hal_flash_ex.o(i.FLASH_PageErase) for FLASH_PageErase
    stm32l1xx_hal_flash.o(i.HAL_FLASH_IRQHandler) refers to stm32l1xx_hal_flash.o(.bss) for .bss
    stm32l1xx_hal_flash.o(i.HAL_FLASH_OB_Launch) refers to stm32l1xx_hal_flash.o(i.FLASH_WaitForLastOperation) for FLASH_WaitForLastOperation
    stm32l1xx_hal_flash.o(i.HAL_FLASH_Program) refers to board.o(i.assert_failed) for assert_failed
    stm32l1xx_hal_flash.o(i.HAL_FLASH_Program) refers to stm32l1xx_hal_flash.o(i.FLASH_WaitForLastOperation) for FLASH_WaitForLastOperation
    stm32l1xx_hal_flash.o(i.HAL_FLASH_Program) refers to stm32l1xx_hal_flash.o(.bss) for .bss
    stm32l1xx_hal_flash.o(i.HAL_FLASH_Program_IT) refers to board.o(i.assert_failed) for assert_failed
    stm32l1xx_hal_flash.o(i.HAL_FLASH_Program_IT) refers to stm32l1xx_hal_flash.o(.bss) for .bss
    stm32l1xx_hal_rcc_ex.o(i.HAL_RCCEx_GetPeriphCLKFreq) refers to board.o(i.assert_failed) for assert_failed
    stm32l1xx_hal_rcc_ex.o(i.HAL_RCCEx_PeriphCLKConfig) refers to board.o(i.assert_failed) for assert_failed
    stm32l1xx_hal_rcc_ex.o(i.HAL_RCCEx_PeriphCLKConfig) refers to stm32l1xx_hal.o(i.HAL_GetTick) for HAL_GetTick
    stm32l1xx_hal_dma.o(i.HAL_DMA_DeInit) refers to board.o(i.assert_failed) for assert_failed
    stm32l1xx_hal_dma.o(i.HAL_DMA_Init) refers to board.o(i.assert_failed) for assert_failed
    stm32l1xx_hal_dma.o(i.HAL_DMA_PollForTransfer) refers to stm32l1xx_hal.o(i.HAL_GetTick) for HAL_GetTick
    stm32l1xx_hal_dma.o(i.HAL_DMA_Start) refers to board.o(i.assert_failed) for assert_failed
    stm32l1xx_hal_dma.o(i.HAL_DMA_Start) refers to stm32l1xx_hal_dma.o(i.DMA_SetConfig) for DMA_SetConfig
    stm32l1xx_hal_dma.o(i.HAL_DMA_Start_IT) refers to board.o(i.assert_failed) for assert_failed
    stm32l1xx_hal_dma.o(i.HAL_DMA_Start_IT) refers to stm32l1xx_hal_dma.o(i.DMA_SetConfig) for DMA_SetConfig
    stm32l1xx_hal_spi_ex.o(i.HAL_SPI_Init) refers to board.o(i.assert_failed) for assert_failed
    stm32l1xx_hal_spi_ex.o(i.HAL_SPI_Init) refers to stm32l1xx_hal_spi.o(i.HAL_SPI_MspInit) for HAL_SPI_MspInit
    stm32l1xx_hal_spi.o(i.HAL_SPI_DMAStop) refers to stm32l1xx_hal_dma.o(i.HAL_DMA_Abort) for HAL_DMA_Abort
    stm32l1xx_hal_spi.o(i.HAL_SPI_DeInit) refers to stm32l1xx_hal_spi.o(i.HAL_SPI_MspDeInit) for HAL_SPI_MspDeInit
    stm32l1xx_hal_spi.o(i.HAL_SPI_IRQHandler) refers to stm32l1xx_hal_spi.o(i.HAL_SPI_ErrorCallback) for HAL_SPI_ErrorCallback
    stm32l1xx_hal_spi.o(i.HAL_SPI_Receive) refers to stm32l1xx_hal_spi.o(i.HAL_SPI_TransmitReceive) for HAL_SPI_TransmitReceive
    stm32l1xx_hal_spi.o(i.HAL_SPI_Receive) refers to stm32l1xx_hal_spi.o(i.SPI_WaitOnFlagUntilTimeout) for SPI_WaitOnFlagUntilTimeout
[...]
    __aeabi_f2d                              0x080006e9   Thumb Code    38  f2d.o(.text)
    __aeabi_cdcmpeq                          0x08000711   Thumb Code     0  cdcmple.o(.text)
    __aeabi_cdcmple                          0x08000711   Thumb Code    38  cdcmple.o(.text)
    __aeabi_cdrcmple                         0x08000739   Thumb Code    38  cdrcmple.o(.text)
    __aeabi_d2f                              0x08000761   Thumb Code    56  d2f.o(.text)
    __aeabi_uidiv                            0x08000799   Thumb Code     0  uidiv.o(.text)
    __aeabi_uidivmod                         0x08000799   Thumb Code    44  uidiv.o(.text)
    __aeabi_uldivmod                         0x080007c5   Thumb Code    98  uldiv.o(.text)
    __aeabi_llsl                             0x08000827   Thumb Code    30  llshl.o(.text)
    _ll_shift_l                              0x08000827   Thumb Code     0  llshl.o(.text)
    __aeabi_llsr                             0x08000845   Thumb Code    32  llushr.o(.text)
    _ll_ushift_r                             0x08000845   Thumb Code     0  llushr.o(.text)
    __aeabi_lasr                             0x08000865   Thumb Code    36  llsshr.o(.text)
    _ll_sshift_r                             0x08000865   Thumb Code     0  llsshr.o(.text)
    __I$use$fp                               0x08000889   Thumb Code     0  iusefp.o(.text)
    _float_round                             0x08000889   Thumb Code    18  fepilogue.o(.text)
    _float_epilogue                          0x0800089b   Thumb Code    92  fepilogue.o(.text)
    _double_round                            0x080008f7   Thumb Code    26  depilogue.o(.text)
    _double_epilogue                         0x08000911   Thumb Code   156  depilogue.o(.text)
    _drnd                                    0x080009ad   Thumb Code   132  drnd.o(.text)
    __aeabi_d2ulz                            0x08000a35   Thumb Code    48  dfixul.o(.text)
    __scatterload                            0x08000a65   Thumb Code    28  init.o(.text)
    __scatterload_rt2                        0x08000a65   Thumb Code     0  init.o(.text)
    AES_CMAC_Final                           0x08000a89   Thumb Code   320  cmac.o(i.AES_CMAC_Final)
    __I$use$semihosting$fputc                0x08000a89   Thumb Code     0  iusesemip.o(.text)
    __semihosting_library_function           0x08000a89   Thumb Code     0  semi.o(.text)
    AES_CMAC_Init                            0x08000bc9   Thumb Code    34  cmac.o(i.AES_CMAC_Init)
    AES_CMAC_SetKey                          0x08000beb   Thumb Code    12  cmac.o(i.AES_CMAC_SetKey)
    AES_CMAC_Update                          0x08000bf7   Thumb Code   174  cmac.o(i.AES_CMAC_Update)
    BlockLowPowerDuringTask                  0x08000d3d   Thumb Code    16  rtc-board.o(i.BlockLowPowerDuringTask)
    BoardDisableIrq                          0x08000d51   Thumb Code    12  board.o(i.BoardDisableIrq)
    BoardEnableIrq                           0x08000d61   Thumb Code    18  board.o(i.BoardEnableIrq)
    BoardGetBatteryLevel                     0x08000d79   Thumb Code     4  board.o(i.BoardGetBatteryLevel)
    BoardGetUniqueId                         0x08000d7d   Thumb Code    66  board.o(i.BoardGetUniqueId)
    BoardInitMcu                             0x08000dc5   Thumb Code    70  board.o(i.BoardInitMcu)
    BoardInitPeriph                          0x08000e19   Thumb Code    18  board.o(i.BoardInitPeriph)
    BoardUpdateLed                           0x08000e2d   Thumb Code    62  board.o(i.BoardUpdateLed)
    DelayMs                                  0x08000f3f   Thumb Code     4  delay.o(i.DelayMs)
    EXTI0_IRQHandler                         0x08000f43   Thumb Code    16  gpio-board.o(i.EXTI0_IRQHandler)
    EXTI15_10_IRQHandler                     0x08000f53   Thumb Code    58  gpio-board.o(i.EXTI15_10_IRQHandler)
    EXTI1_IRQHandler                         0x08000f8d   Thumb Code    16  gpio-board.o(i.EXTI1_IRQHandler)
    EXTI2_IRQHandler                         0x08000f9d   Thumb Code    16  gpio-board.o(i.EXTI2_IRQHandler)
    EXTI3_IRQHandler                         0x08000fad   Thumb Code    16  gpio-board.o(i.EXTI3_IRQHandler)
    EXTI4_IRQHandler                         0x08000fbd   Thumb Code    16  gpio-board.o(i.EXTI4_IRQHandler)
    EXTI9_5_IRQHandler                       0x08000fcd   Thumb Code    44  gpio-board.o(i.EXTI9_5_IRQHandler)
    EncodeInt16                              0x08000ff9   Thumb Code    12  rs485-board.o(i.EncodeInt16)
    FLASH_WaitForLastOperation               0x080012dd   Thumb Code    80  stm32l1xx_hal_flash.o(i.FLASH_WaitForLastOperation)
    FifoFlush                                0x08001331   Thumb Code     8  fifo.o(i.FifoFlush)
    FifoInit                                 0x08001339   Thumb Code    12  fifo.o(i.FifoInit)
    FifoPop                                  0x08001355   Thumb Code    28  fifo.o(i.FifoPop)
    FifoPush                                 0x08001371   Thumb Code    20  fifo.o(i.FifoPush)
    GpioInit                                 0x080013b1   Thumb Code    24  gpio.o(i.GpioInit)
    GpioMcuInit                              0x080013c9   Thumb Code   236  gpio-board.o(i.GpioMcuInit)
    GpioMcuSetInterrupt                      0x080014cd   Thumb Code   246  gpio-board.o(i.GpioMcuSetInterrupt)
    GpioMcuWrite                             0x080015d5   Thumb Code    44  gpio-board.o(i.GpioMcuWrite)
    GpioSetInterrupt                         0x0800161d   Thumb Code    24  gpio.o(i.GpioSetInterrupt)
    GpioWrite                                0x08001635   Thumb Code    18  gpio.o(i.GpioWrite)
    HAL_Delay                                0x08001647   Thumb Code    22  stm32l1xx_hal.o(i.HAL_Delay)
    HAL_FLASHEx_DATAEEPROM_Erase             0x0800165d   Thumb Code   110  stm32l1xx_hal_flash_ex.o(i.HAL_FLASHEx_DATAEEPROM_Erase)
    HAL_FLASHEx_DATAEEPROM_Lock              0x08001715   Thumb Code    14  stm32l1xx_hal_flash_ex.o(i.HAL_FLASHEx_DATAEEPROM_Lock)
    HAL_FLASHEx_DATAEEPROM_Program           0x08001729   Thumb Code   234  stm32l1xx_hal_flash_ex.o(i.HAL_FLASHEx_DATAEEPROM_Program)
    HAL_FLASHEx_DATAEEPROM_Unlock            0x080018a1   Thumb Code    28  stm32l1xx_hal_flash_ex.o(i.HAL_FLASHEx_DATAEEPROM_Unlock)
    HAL_GPIO_EXTI_Callback                   0x080018c9   Thumb Code    30  gpio-board.o(i.HAL_GPIO_EXTI_Callback)
    HAL_GPIO_EXTI_IRQHandler                 0x080018ed   Thumb Code    18  stm32l1xx_hal_gpio.o(i.HAL_GPIO_EXTI_IRQHandler)
    HAL_GPIO_Init                            0x08001905   Thumb Code   584  stm32l1xx_hal_gpio.o(i.HAL_GPIO_Init)
    HAL_GPIO_WritePin                        0x08001bc5   Thumb Code    46  stm32l1xx_hal_gpio.o(i.HAL_GPIO_WritePin)
    HAL_GetTick                              0x08001c31   Thumb Code     6  stm32l1xx_hal.o(i.HAL_GetTick)
    HAL_I2C_Init                             0x08001c3d   Thumb Code   482  stm32l1xx_hal_i2c.o(i.HAL_I2C_Init)
    HAL_I2C_Mem_Read                         0x08001e71   Thumb Code   514  stm32l1xx_hal_i2c.o(i.HAL_I2C_Mem_Read)
    HAL_I2C_MspInit                          0x080020b5   Thumb Code     2  stm32l1xx_hal_i2c.o(i.HAL_I2C_MspInit)
    HAL_IncTick                              0x080020b9   Thumb Code    10  stm32l1xx_hal.o(i.HAL_IncTick)
    HAL_Init                                 0x080020c9   Thumb Code    22  stm32l1xx_hal.o(i.HAL_Init)
    HAL_InitTick                             0x080020e1   Thumb Code    34  stm32l1xx_hal.o(i.HAL_InitTick)
    HAL_MspInit                              0x08002109   Thumb Code     2  stm32l1xx_hal.o(i.HAL_MspInit)
    HAL_NVIC_EnableIRQ                       0x0800210d   Thumb Code    36  stm32l1xx_hal_cortex.o(i.HAL_NVIC_EnableIRQ)
    HAL_NVIC_SetPriority                     0x0800216d   Thumb Code    92  stm32l1xx_hal_cortex.o(i.HAL_NVIC_SetPriority)
    HAL_NVIC_SetPriorityGrouping             0x08002209   Thumb Code    58  stm32l1xx_hal_cortex.o(i.HAL_NVIC_SetPriorityGrouping)
    HAL_PWREx_EnableFastWakeUp               0x08002289   Thumb Code    20  stm32l1xx_hal_pwr_ex.o(i.HAL_PWREx_EnableFastWakeUp)
    HAL_PWREx_EnableUltraLowPower            0x080022a1   Thumb Code    20  stm32l1xx_hal_pwr_ex.o(i.HAL_PWREx_EnableUltraLowPower)
    HAL_PWR_DisablePVD                       0x080022b9   Thumb Code    20  stm32l1xx_hal_pwr.o(i.HAL_PWR_DisablePVD)
    HAL_PWR_EnterSLEEPMode                   0x080022d1   Thumb Code    78  stm32l1xx_hal_pwr.o(i.HAL_PWR_EnterSLEEPMode)
    HAL_RCCEx_PeriphCLKConfig                0x08002361   Thumb Code   424  stm32l1xx_hal_rcc_ex.o(i.HAL_RCCEx_PeriphCLKConfig)
    HAL_RCC_ClockConfig                      0x0800255d   Thumb Code   662  stm32l1xx_hal_rcc.o(i.HAL_RCC_ClockConfig)
    HAL_RCC_GetHCLKFreq                      0x0800283d   Thumb Code     6  stm32l1xx_hal_rcc.o(i.HAL_RCC_GetHCLKFreq)
    HAL_RCC_GetPCLK1Freq                     0x08002849   Thumb Code    34  stm32l1xx_hal_rcc.o(i.HAL_RCC_GetPCLK1Freq)
    HAL_RCC_GetPCLK2Freq                     0x08002879   Thumb Code    34  stm32l1xx_hal_rcc.o(i.HAL_RCC_GetPCLK2Freq)
    HAL_RCC_GetSysClockFreq                  0x080028a9   Thumb Code   122  stm32l1xx_hal_rcc.o(i.HAL_RCC_GetSysClockFreq)
    HAL_RCC_OscConfig                        0x08002935   Thumb Code  2424  stm32l1xx_hal_rcc.o(i.HAL_RCC_OscConfig)
    HAL_RTCEx_AlarmBEventCallback            0x080032ad   Thumb Code     2  stm32l1xx_hal_rtc_ex.o(i.HAL_RTCEx_AlarmBEventCallback)
    HAL_RTCEx_DeactivateWakeUpTimer          0x080032af   Thumb Code   122  stm32l1xx_hal_rtc_ex.o(i.HAL_RTCEx_DeactivateWakeUpTimer)
    HAL_RTC_AlarmAEventCallback              0x08003329   Thumb Code     2  stm32l1xx_hal_rtc.o(i.HAL_RTC_AlarmAEventCallback)
    HAL_RTC_AlarmIRQHandler                  0x0800332d   Thumb Code    86  stm32l1xx_hal_rtc.o(i.HAL_RTC_AlarmIRQHandler)
    HAL_RTC_DeactivateAlarm                  0x08003389   Thumb Code   208  stm32l1xx_hal_rtc.o(i.HAL_RTC_DeactivateAlarm)
    HAL_RTC_GetAlarm                         0x08003491   Thumb Code   154  stm32l1xx_hal_rtc_ex.o(i.HAL_RTC_GetAlarm)
    HAL_RTC_GetDate                          0x08003569   Thumb Code    82  stm32l1xx_hal_rtc.o(i.HAL_RTC_GetDate)
    HAL_RTC_GetTime                          0x080035f9   Thumb Code    86  stm32l1xx_hal_rtc_ex.o(i.HAL_RTC_GetTime)
    HAL_RTC_Init                             0x08003691   Thumb Code   278  stm32l1xx_hal_rtc.o(i.HAL_RTC_Init)
    HAL_RTC_MspInit                          0x080037e9   Thumb Code     2  stm32l1xx_hal_rtc.o(i.HAL_RTC_MspInit)
    HAL_RTC_SetAlarm_IT                      0x080037ed   Thumb Code   748  stm32l1xx_hal_rtc_ex.o(i.HAL_RTC_SetAlarm_IT)
    HAL_RTC_SetDate                          0x08003b19   Thumb Code   366  stm32l1xx_hal_rtc.o(i.HAL_RTC_SetDate)
    HAL_RTC_SetTime                          0x08003cc5   Thumb Code   462  stm32l1xx_hal_rtc.o(i.HAL_RTC_SetTime)
    HAL_RTC_WaitForSynchro                   0x08003ed1   Thumb Code    52  stm32l1xx_hal_rtc_ex.o(i.HAL_RTC_WaitForSynchro)
    HAL_SPI_Init                             0x08003f05   Thumb Code   368  stm32l1xx_hal_spi_ex.o(i.HAL_SPI_Init)
    HAL_SPI_MspInit                          0x080040b9   Thumb Code     2  stm32l1xx_hal_spi.o(i.HAL_SPI_MspInit)
    HAL_SYSTICK_CLKSourceConfig              0x080040bd   Thumb Code    40  stm32l1xx_hal_cortex.o(i.HAL_SYSTICK_CLKSourceConfig)
    HAL_SYSTICK_Callback                     0x08004121   Thumb Code     2  stm32l1xx_hal_cortex.o(i.HAL_SYSTICK_Callback)
    HAL_SYSTICK_Config                       0x08004123   Thumb Code    40  stm32l1xx_hal_cortex.o(i.HAL_SYSTICK_Config)
    HAL_SYSTICK_IRQHandler                   0x0800414b   Thumb Code     8  stm32l1xx_hal_cortex.o(i.HAL_SYSTICK_IRQHandler)
    HAL_UART_ErrorCallback                   0x08004155   Thumb Code    10  uart-board.o(i.HAL_UART_ErrorCallback)
    HAL_UART_IRQHandler                      0x08004169   Thumb Code   216  stm32l1xx_hal_uart.o(i.HAL_UART_IRQHandler)
    HAL_UART_Init                            0x08004241   Thumb Code   220  stm32l1xx_hal_uart.o(i.HAL_UART_Init)
    HAL_UART_MspInit                         0x08004365   Thumb Code     2  stm32l1xx_hal_uart.o(i.HAL_UART_MspInit)
    HAL_UART_Receive_IT                      0x08004367   Thumb Code   104  stm32l1xx_hal_uart.o(i.HAL_UART_Receive_IT)
    HAL_UART_RxCpltCallback                  0x080043d1   Thumb Code    48  uart-board.o(i.HAL_UART_RxCpltCallback)
    HAL_UART_Transmit                        0x0800440d   Thumb Code   200  stm32l1xx_hal_uart.o(i.HAL_UART_Transmit)
    HAL_UART_Transmit_IT                     0x080044d5   Thumb Code    84  stm32l1xx_hal_uart.o(i.HAL_UART_Transmit_IT)
    HAL_UART_TxCpltCallback                  0x08004529   Thumb Code    52  uart-board.o(i.HAL_UART_TxCpltCallback)
    I2cInit                                  0x08004819   Thumb Code    44  i2c.o(i.I2cInit)
    I2cMcuFormat                             0x0800484d   Thumb Code    56  i2c-board.o(i.I2cMcuFormat)
    I2cMcuInit                               0x08004889   Thumb Code   100  i2c-board.o(i.I2cMcuInit)
    I2cMcuReadBuffer                         0x080048f5   Thumb Code    42  i2c-board.o(i.I2cMcuReadBuffer)
    I2cReadBuffer                            0x08004925   Thumb Code    22  i2c.o(i.I2cReadBuffer)
    I2cSetAddrSize                           0x08004941   Thumb Code     6  i2c-board.o(i.I2cSetAddrSize)
    IsFifoEmpty                              0x0800494d   Thumb Code    16  fifo.o(i.IsFifoEmpty)
    IsFifoFull                               0x0800495d   Thumb Code    24  fifo.o(i.IsFifoFull)
    LEDClear                                 0x08004975   Thumb Code     8  led-board.o(i.LEDClear)
    LEDInit                                  0x08004981   Thumb Code    34  led-board.o(i.LEDInit)
    LEDPutChar                               0x080049ad   Thumb Code     8  led-board.o(i.LEDPutChar)
    LEDReadBRT                               0x080049b9   Thumb Code     6  led-board.o(i.LEDReadBRT)
    LEDReadState                             0x080049c5   Thumb Code     6  led-board.o(i.LEDReadState)
    LEDSetBRT                                0x080049d1   Thumb Code    12  led-board.o(i.LEDSetBRT)
    LEDSetDot                                0x080049e5   Thumb Code    30  led-board.o(i.LEDSetDot)
    LEDSetLocate                             0x08004a0d   Thumb Code     8  led-board.o(i.LEDSetLocate)
    LEDSetState                              0x08004a19   Thumb Code    14  led-board.o(i.LEDSetState)
    LoRaMacComputeMic                        0x08004a2d   Thumb Code   114  loramaccrypto.o(i.LoRaMacComputeMic)
    LoRaMacInitialization                    0x08004aad   Thumb Code   508  loramac.o(i.LoRaMacInitialization)
    LoRaMacJoinComputeMic                    0x08004cdd   Thumb Code    64  loramaccrypto.o(i.LoRaMacJoinComputeMic)
    LoRaMacJoinComputeSKeys                  0x08004d25   Thumb Code   136  loramaccrypto.o(i.LoRaMacJoinComputeSKeys)
    LoRaMacJoinDecrypt                       0x08004db1   Thumb Code    68  loramaccrypto.o(i.LoRaMacJoinDecrypt)
    LoRaMacMcpsRequest                       0x08004df9   Thumb Code   284  loramac.o(i.LoRaMacMcpsRequest)
    LoRaMacMibGetRequestConfirm              0x08004f21   Thumb Code   222  loramac.o(i.LoRaMacMibGetRequestConfirm)
    LoRaMacMibSetRequestConfirm              0x0800500d   Thumb Code   578  loramac.o(i.LoRaMacMibSetRequestConfirm)
    LoRaMacMlmeRequest                       0x08005265   Thumb Code   292  loramac.o(i.LoRaMacMlmeRequest)
    LoRaMacPayloadDecrypt                    0x08005395   Thumb Code    18  loramaccrypto.o(i.LoRaMacPayloadDecrypt)
    LoRaMacPayloadEncrypt                    0x080053a9   Thumb Code   214  loramaccrypto.o(i.LoRaMacPayloadEncrypt)
    LoRaMacQueryTxPossible                   0x08005489   Thumb Code   192  loramac.o(i.LoRaMacQueryTxPossible)
    ModRTU_CRC                               0x0800575d   Thumb Code    44  rs485-board.o(i.ModRTU_CRC)
    PrepareFrame                             0x080062e9   Thumb Code   644  loramac.o(i.PrepareFrame)
    RS485Init                                0x080069e5   Thumb Code   100  rs485-board.o(i.RS485Init)
    RS485InitPort                            0x08006a61   Thumb Code    38  rs485-board.o(i.RS485InitPort)
    RTC_Alarm_IRQHandler                     0x08006ac1   Thumb Code    40  rtc-board.o(i.RTC_Alarm_IRQHandler)
    RTC_Bcd2ToByte                           0x08006aed   Thumb Code    18  stm32l1xx_hal_rtc.o(i.RTC_Bcd2ToByte)
    RTC_ByteToBcd2                           0x08006aff   Thumb Code    22  stm32l1xx_hal_rtc.o(i.RTC_ByteToBcd2)
    RTC_EnterInitMode                        0x08006b15   Thumb Code    56  stm32l1xx_hal_rtc.o(i.RTC_EnterInitMode)
    RegionAdrNext                            0x08006b4d   Thumb Code    32  region.o(i.RegionAdrNext)
    RegionAlternateDr                        0x08006b6d   Thumb Code    14  region.o(i.RegionAlternateDr)
    RegionApplyCFList                        0x08006b7b   Thumb Code    12  region.o(i.RegionApplyCFList)
    RegionApplyDrOffset                      0x08006b87   Thumb Code    28  region.o(i.RegionApplyDrOffset)
    RegionCN470AdrNext                       0x08006ba5   Thumb Code   130  regioncn470.o(i.RegionCN470AdrNext)
    RegionCN470AlternateDr                   0x08006c2d   Thumb Code    64  regioncn470.o(i.RegionCN470AlternateDr)
    RegionCN470ApplyCFList                   0x08006c6d   Thumb Code     2  regioncn470.o(i.RegionCN470ApplyCFList)
    RegionCN470ApplyDrOffset                 0x08006c6f   Thumb Code    14  regioncn470.o(i.RegionCN470ApplyDrOffset)
    RegionCN470CalcBackOff                   0x08006c7d   Thumb Code    54  regioncn470.o(i.RegionCN470CalcBackOff)
    RegionCN470ChanMaskSet                   0x08006cbd   Thumb Code    38  regioncn470.o(i.RegionCN470ChanMaskSet)
    RegionCN470ComputeRxWindowParameters     0x08006ce9   Thumb Code    90  regioncn470.o(i.RegionCN470ComputeRxWindowParameters)
    RegionCN470DlChannelReq                  0x08006d49   Thumb Code     4  regioncn470.o(i.RegionCN470DlChannelReq)
    RegionCN470GetPhyParam                   0x08006d4d   Thumb Code   178  regioncn470.o(i.RegionCN470GetPhyParam)
    RegionCN470InitDefaults                  0x08006e19   Thumb Code    94  regioncn470.o(i.RegionCN470InitDefaults)
    RegionCN470LinkAdrReq                    0x08006e81   Thumb Code   330  regioncn470.o(i.RegionCN470LinkAdrReq)
    RegionCN470NewChannelReq                 0x08006fd1   Thumb Code     4  regioncn470.o(i.RegionCN470NewChannelReq)
    RegionCN470NextChannel                   0x08006fd5   Thumb Code   166  regioncn470.o(i.RegionCN470NextChannel)
    RegionCN470RxConfig                      0x08007085   Thumb Code   160  regioncn470.o(i.RegionCN470RxConfig)
    RegionCN470RxParamSetupReq               0x08007131   Thumb Code    90  regioncn470.o(i.RegionCN470RxParamSetupReq)
    RegionCN470SetBandTxDone                 0x0800719d   Thumb Code    28  regioncn470.o(i.RegionCN470SetBandTxDone)
    RegionCN470SetContinuousWave             0x080071c1   Thumb Code    66  regioncn470.o(i.RegionCN470SetContinuousWave)
    RegionCN470TxConfig                      0x08007211   Thumb Code   154  regioncn470.o(i.RegionCN470TxConfig)
    RegionCN470TxParamSetupReq               0x080072bd   Thumb Code     6  regioncn470.o(i.RegionCN470TxParamSetupReq)
    RegionCN470Verify                        0x080072c3   Thumb Code    76  regioncn470.o(i.RegionCN470Verify)
    RegionCalcBackOff                        0x0800730f   Thumb Code    12  region.o(i.RegionCalcBackOff)
    RegionChanMaskSet                        0x0800731b   Thumb Code    14  region.o(i.RegionChanMaskSet)
    RegionCommonCalcBackOff                  0x08007329   Thumb Code    96  regioncommon.o(i.RegionCommonCalcBackOff)
    RegionCommonChanMaskCopy                 0x08007389   Thumb Code    32  regioncommon.o(i.RegionCommonChanMaskCopy)
    RegionCommonChanVerifyDr                 0x080073a9   Thumb Code   104  regioncommon.o(i.RegionCommonChanVerifyDr)
    RegionCommonComputeRxWindowParameters    0x08007411   Thumb Code   162  regioncommon.o(i.RegionCommonComputeRxWindowParameters)
    RegionCommonComputeSymbolTimeLoRa        0x080074b5   Thumb Code    42  regioncommon.o(i.RegionCommonComputeSymbolTimeLoRa)
    RegionCommonComputeTxPower               0x080074e5   Thumb Code    40  regioncommon.o(i.RegionCommonComputeTxPower)
    RegionCommonCountChannels                0x0800750d   Thumb Code    66  regioncommon.o(i.RegionCommonCountChannels)
    RegionCommonGetJoinDc                    0x08007551   Thumb Code    28  regioncommon.o(i.RegionCommonGetJoinDc)
    RegionCommonLinkAdrReqVerifyParams       0x08007575   Thumb Code   146  regioncommon.o(i.RegionCommonLinkAdrReqVerifyParams)
    RegionCommonParseLinkAdrReq              0x08007607   Thumb Code    54  regioncommon.o(i.RegionCommonParseLinkAdrReq)
    RegionCommonSetBandTxDone                0x0800763d   Thumb Code    10  regioncommon.o(i.RegionCommonSetBandTxDone)
    RegionCommonUpdateBandTimeOff            0x08007647   Thumb Code   170  regioncommon.o(i.RegionCommonUpdateBandTimeOff)
    RegionCommonValueInRange                 0x080076f1   Thumb Code    16  regioncommon.o(i.RegionCommonValueInRange)
    RegionComputeRxWindowParameters          0x08007701   Thumb Code    30  region.o(i.RegionComputeRxWindowParameters)
    RegionDlChannelReq                       0x0800771f   Thumb Code    14  region.o(i.RegionDlChannelReq)
    RegionGetPhyParam                        0x0800772d   Thumb Code    16  region.o(i.RegionGetPhyParam)
    RegionInitDefaults                       0x0800773d   Thumb Code    12  region.o(i.RegionInitDefaults)
    RegionIsActive                           0x08007749   Thumb Code    12  region.o(i.RegionIsActive)
    RegionLinkAdrReq                         0x08007755   Thumb Code    34  region.o(i.RegionLinkAdrReq)
    RegionNewChannelReq                      0x08007777   Thumb Code    14  region.o(i.RegionNewChannelReq)
    RegionNextChannel                        0x08007785   Thumb Code    32  region.o(i.RegionNextChannel)
    RegionRxConfig                           0x080077a5   Thumb Code    18  region.o(i.RegionRxConfig)
    RegionRxParamSetupReq                    0x080077b7   Thumb Code    14  region.o(i.RegionRxParamSetupReq)
    RegionSetBandTxDone                      0x080077c5   Thumb Code    12  region.o(i.RegionSetBandTxDone)
    RegionSetContinuousWave                  0x080077d1   Thumb Code    12  region.o(i.RegionSetContinuousWave)
    RegionTxConfig                           0x080077dd   Thumb Code    28  region.o(i.RegionTxConfig)
    RegionTxParamSetupReq                    0x080077f9   Thumb Code    14  region.o(i.RegionTxParamSetupReq)
    RegionVerify                             0x08007807   Thumb Code    18  region.o(i.RegionVerify)
    RtcComputeElapsedTime                    0x08007895   Thumb Code    28  rtc-board.o(i.RtcComputeElapsedTime)
    RtcEnterLowPowerStopMode                 0x08007c4d   Thumb Code    48  rtc-board.o(i.RtcEnterLowPowerStopMode)
    RtcGetAdjustedTimeoutValue               0x08007c85   Thumb Code    44  rtc-board.o(i.RtcGetAdjustedTimeoutValue)
    RtcGetElapsedAlarmTime                   0x08007d0d   Thumb Code    30  rtc-board.o(i.RtcGetElapsedAlarmTime)
    RtcGetTimerValue                         0x08007d31   Thumb Code     6  rtc-board.o(i.RtcGetTimerValue)
    RtcInit                                  0x08007d39   Thumb Code   128  rtc-board.o(i.RtcInit)
    RtcRecoverMcuStatus                      0x08007dc9   Thumb Code    42  rtc-board.o(i.RtcRecoverMcuStatus)
    RtcSetTimeout                            0x08007e01   Thumb Code     4  rtc-board.o(i.RtcSetTimeout)
    SHT3XReadData                            0x08007f69   Thumb Code    58  sht3x-board.o(i.SHT3XReadData)
    SHT3XReadHumidity                        0x08007fad   Thumb Code    30  sht3x-board.o(i.SHT3XReadHumidity)
    SHT3XReadTemperature                     0x08007fd5   Thumb Code    38  sht3x-board.o(i.SHT3XReadTemperature)
    SX1276AntSwDeInit                        0x08008009   Thumb Code    40  sx1276-board.o(i.SX1276AntSwDeInit)
    SX1276AntSwInit                          0x08008035   Thumb Code    42  sx1276-board.o(i.SX1276AntSwInit)
    SX1276CheckRfFrequency                   0x08008065   Thumb Code     4  sx1276-board.o(i.SX1276CheckRfFrequency)
    SX1276GetPaSelect                        0x08008069   Thumb Code    14  sx1276-board.o(i.SX1276GetPaSelect)
    SX1276GetStatus                          0x0800807d   Thumb Code     8  sx1276.o(i.SX1276GetStatus)
    SX1276GetTimeOnAir                       0x08008089   Thumb Code   464  sx1276.o(i.SX1276GetTimeOnAir)
    SX1276Init                               0x08008281   Thumb Code   104  sx1276.o(i.SX1276Init)
    SX1276IoInit                             0x080082fd   Thumb Code   132  sx1276-board.o(i.SX1276IoInit)
    SX1276IoIrqInit                          0x08008385   Thumb Code    90  sx1276-board.o(i.SX1276IoIrqInit)
    SX1276IsChannelFree                      0x080083e5   Thumb Code    78  sx1276.o(i.SX1276IsChannelFree)
    SX1276OnDio0Irq                          0x08008435   Thumb Code   586  sx1276.o(i.SX1276OnDio0Irq)
    SX1276OnDio1Irq                          0x08008695   Thumb Code   214  sx1276.o(i.SX1276OnDio1Irq)
    SX1276OnDio2Irq                          0x08008779   Thumb Code   186  sx1276.o(i.SX1276OnDio2Irq)
    SX1276OnDio3Irq                          0x08008845   Thumb Code    82  sx1276.o(i.SX1276OnDio3Irq)
    SX1276OnDio4Irq                          0x080088a1   Thumb Code    26  sx1276.o(i.SX1276OnDio4Irq)
    SX1276OnTimeoutIrq                       0x080088c1   Thumb Code   210  sx1276.o(i.SX1276OnTimeoutIrq)
    SX1276Random                             0x080089a5   Thumb Code    62  sx1276.o(i.SX1276Random)
    SX1276Read                               0x080089e3   Thumb Code    16  sx1276.o(i.SX1276Read)
    SX1276ReadBuffer                         0x080089f5   Thumb Code    68  sx1276.o(i.SX1276ReadBuffer)
    SX1276ReadFifo                           0x08008a3d   Thumb Code    10  sx1276.o(i.SX1276ReadFifo)
    SX1276ReadRssi                           0x08008a49   Thumb Code    58  sx1276.o(i.SX1276ReadRssi)
    SX1276Reset                              0x08008a8d   Thumb Code    54  sx1276.o(i.SX1276Reset)
    SX1276Send                               0x08008ac9   Thumb Code   240  sx1276.o(i.SX1276Send)
    SX1276SetAntSw                           0x08008bc1   Thumb Code    40  sx1276-board.o(i.SX1276SetAntSw)
    SX1276SetAntSwLowPower                   0x08008bed   Thumb Code    22  sx1276-board.o(i.SX1276SetAntSwLowPower)
    SX1276SetChannel                         0x08008c09   Thumb Code    58  sx1276.o(i.SX1276SetChannel)
    SX1276SetMaxPayloadLength                0x08008c4d   Thumb Code    46  sx1276.o(i.SX1276SetMaxPayloadLength)
    SX1276SetModem                           0x08008c81   Thumb Code   114  sx1276.o(i.SX1276SetModem)
    SX1276SetOpMode                          0x08008cf9   Thumb Code    48  sx1276.o(i.SX1276SetOpMode)
    SX1276SetPublicNetwork                   0x08008d29   Thumb Code    34  sx1276.o(i.SX1276SetPublicNetwork)
    SX1276SetRfTxPower                       0x08008d51   Thumb Code   158  sx1276-board.o(i.SX1276SetRfTxPower)
    SX1276SetRx                              0x08008df5   Thumb Code   504  sx1276.o(i.SX1276SetRx)
    SX1276SetRxConfig                        0x08008ff9   Thumb Code   644  sx1276.o(i.SX1276SetRxConfig)
    SX1276SetSleep                           0x08009291   Thumb Code    32  sx1276.o(i.SX1276SetSleep)
    SX1276SetStby                            0x080092b9   Thumb Code    32  sx1276.o(i.SX1276SetStby)
    SX1276SetTx                              0x080092e1   Thumb Code   154  sx1276.o(i.SX1276SetTx)
    SX1276SetTxConfig                        0x08009385   Thumb Code   506  sx1276.o(i.SX1276SetTxConfig)
    SX1276SetTxContinuousWave                0x0800958d   Thumb Code   122  sx1276.o(i.SX1276SetTxContinuousWave)
    SX1276StartCad                           0x08009611   Thumb Code    58  sx1276.o(i.SX1276StartCad)
    SX1276Write                              0x08009651   Thumb Code    12  sx1276.o(i.SX1276Write)
    SX1276WriteBuffer                        0x0800965d   Thumb Code    66  sx1276.o(i.SX1276WriteBuffer)
    SX1276WriteFifo                          0x080096a5   Thumb Code    10  sx1276.o(i.SX1276WriteFifo)
    Send                                     0x080097b1   Thumb Code    56  loramac.o(i.Send)
    SendFrameOnChannel                       0x08009861   Thumb Code   142  loramac.o(i.SendFrameOnChannel)
    SetTxContinuousWave                      0x08009929   Thumb Code    78  loramac.o(i.SetTxContinuousWave)
    SetTxContinuousWave1                     0x08009981   Thumb Code    48  loramac.o(i.SetTxContinuousWave1)
    SpiFormat                                0x080099bd   Thumb Code    48  spi-board.o(i.SpiFormat)
    SpiFrequency                             0x080099ed   Thumb Code    38  spi-board.o(i.SpiFrequency)
    SpiInOut                                 0x08009a19   Thumb Code    70  spi-board.o(i.SpiInOut)
    SpiInit                                  0x08009a7d   Thumb Code   256  spi-board.o(i.SpiInit)
    SysTick_Handler                          0x08009b8d   Thumb Code    14  board.o(i.SysTick_Handler)
    SystemInit                               0x08009d35   Thumb Code    62  system_stm32l1xx.o(i.SystemInit)
    TimerGetCurrentTime                      0x08009d85   Thumb Code     4  timer.o(i.TimerGetCurrentTime)
    TimerGetElapsedTime                      0x08009d89   Thumb Code     4  timer.o(i.TimerGetElapsedTime)
    TimerInit                                0x08009d8d   Thumb Code    14  timer.o(i.TimerInit)
    TimerIrqHandler                          0x08009e11   Thumb Code    78  timer.o(i.TimerIrqHandler)
    TimerLowPowerHandler                     0x08009e65   Thumb Code    36  timer.o(i.TimerLowPowerHandler)
    TimerReset                               0x08009e8d   Thumb Code    18  timer.o(i.TimerReset)
    TimerSetValue                            0x08009ec1   Thumb Code    16  timer.o(i.TimerSetValue)
    TimerStart                               0x08009ed1   Thumb Code    92  timer.o(i.TimerStart)
    TimerStop                                0x08009f31   Thumb Code   134  timer.o(i.TimerStop)
    USART1_IRQHandler                        0x0800a491   Thumb Code     6  uart-board.o(i.USART1_IRQHandler)
    UartConfig                               0x0800a49d   Thumb Code    58  uart.o(i.UartConfig)
    UartGetChar                              0x0800a4e9   Thumb Code    14  uart.o(i.UartGetChar)
    UartInit                                 0x0800a4f7   Thumb Code    26  uart.o(i.UartInit)
    UartMcuConfig                            0x0800a511   Thumb Code   238  uart-board.o(i.UartMcuConfig)
    UartMcuGetChar                           0x0800a629   Thumb Code    46  uart-board.o(i.UartMcuGetChar)
    UartMcuInit                              0x0800a659   Thumb Code    92  uart-board.o(i.UartMcuInit)
    WriteReg                                 0x0800a705   Thumb Code    12  rs485-board.o(i.WriteReg)
    __0printf                                0x0800a711   Thumb Code    22  printfa.o(i.__0printf)
    __1printf                                0x0800a711   Thumb Code     0  printfa.o(i.__0printf)
    __2printf                                0x0800a711   Thumb Code     0  printfa.o(i.__0printf)
    __c89printf                              0x0800a711   Thumb Code     0  printfa.o(i.__0printf)
    printf                                   0x0800a711   Thumb Code     0  printfa.o(i.__0printf)
    __0sprintf                               0x0800a731   Thumb Code    34  printfa.o(i.__0sprintf)
    __1sprintf                               0x0800a731   Thumb Code     0  printfa.o(i.__0sprintf)
    __2sprintf                               0x0800a731   Thumb Code     0  printfa.o(i.__0sprintf)
    __c89sprintf                             0x0800a731   Thumb Code     0  printfa.o(i.__0sprintf)
    sprintf                                  0x0800a731   Thumb Code     0  printfa.o(i.__0sprintf)
    __scatterload_copy                       0x0800a759   Thumb Code    14  handlers.o(i.__scatterload_copy)
    __scatterload_null                       0x0800a767   Thumb Code     2  handlers.o(i.__scatterload_null)
    __scatterload_zeroinit                   0x0800a769   Thumb Code    14  handlers.o(i.__scatterload_zeroinit)
    _tm1637ClkHigh                           0x0800b015   Thumb Code    10  stm32_tm1637.o(i._tm1637ClkHigh)
    _tm1637ClkLow                            0x0800b025   Thumb Code    12  stm32_tm1637.o(i._tm1637ClkLow)
    _tm1637DelayUsec                         0x0800b035   Thumb Code    20  stm32_tm1637.o(i._tm1637DelayUsec)
    _tm1637DioHigh                           0x0800b049   Thumb Code    10  stm32_tm1637.o(i._tm1637DioHigh)
    _tm1637DioLow                            0x0800b059   Thumb Code    12  stm32_tm1637.o(i._tm1637DioLow)
    aes_encrypt                              0x0800b069   Thumb Code    78  aes.o(i.aes_encrypt)
    aes_set_key                              0x0800b0b9   Thumb Code   238  aes.o(i.aes_set_key)
    assert_failed                            0x0800b1ad   Thumb Code    12  board.o(i.assert_failed)
    ceil                                     0x0800b1e9   Thumb Code   204  ceil.o(i.ceil)
    displayNum                               0x0800b38d   Thumb Code   334  board.o(i.displayNum)
    floor                                    0x0800b4e1   Thumb Code   204  floor.o(i.floor)
    fputc                                    0x0800b5bd   Thumb Code    18  fputc.o(i.fputc)
    main                                     0x0800b5d1   Thumb Code   256  main.o(i.main)
    memcpy1                                  0x0800b6f1   Thumb Code    18  utilities.o(i.memcpy1)
    memcpyr                                  0x0800b703   Thumb Code    22  utilities.o(i.memcpyr)
    memset1                                  0x0800b719   Thumb Code    14  utilities.o(i.memset1)
    onRS485Message                           0x0800b945   Thumb Code   300  rs485-board.o(i.onRS485Message)
    rand1                                    0x0800ba7d   Thumb Code    30  utilities.o(i.rand1)
    randr                                    0x0800baa5   Thumb Code    26  utilities.o(i.randr)
    round                                    0x0800bac1   Thumb Code   136  round.o(i.round)
    srand1                                   0x0800bbbd   Thumb Code     6  utilities.o(i.srand1)
    tm1637Init                               0x0800bbc9   Thumb Code   122  stm32_tm1637.o(i.tm1637Init)
    tm1637_clear                             0x0800bc4d   Thumb Code    34  stm32_tm1637.o(i.tm1637_clear)
    tm1637_cls                               0x0800bc71   Thumb Code    58  stm32_tm1637.o(i.tm1637_cls)
    tm1637_locate                            0x0800bcb1   Thumb Code    20  stm32_tm1637.o(i.tm1637_locate)
    tm1637_putc                              0x0800bcc5   Thumb Code   160  stm32_tm1637.o(i.tm1637_putc)
    tm1637_setBrightness                     0x0800bd71   Thumb Code    16  stm32_tm1637.o(i.tm1637_setBrightness)
    tm1637_setDisplay                        0x0800bd81   Thumb Code    18  stm32_tm1637.o(i.tm1637_setDisplay)
    tm1637_setIcon                           0x0800bd93   Thumb Code    24  stm32_tm1637.o(i.tm1637_setIcon)
    tm1637_start                             0x0800bdab   Thumb Code    26  stm32_tm1637.o(i.tm1637_start)
    tm1637_stop                              0x0800bdc5   Thumb Code    36  stm32_tm1637.o(i.tm1637_stop)
    tm1637_write                             0x0800bde9   Thumb Code   100  stm32_tm1637.o(i.tm1637_write)
    tm1637_writeCmd                          0x0800be4d   Thumb Code    32  stm32_tm1637.o(i.tm1637_writeCmd)
    tm1637_writeData                         0x0800be6d   Thumb Code    68  stm32_tm1637.o(i.tm1637_writeData)
    writeEEPROMByte                          0x0800beb1   Thumb Code    32  rs485-board.o(i.writeEEPROMByte)
    Radio                                    0x0800bf70   Data          92  sx1276-board.o(.constdata)
    RadioRegsInit                            0x0800bfe4   Data          48  sx1276.o(.constdata)
    FskBandwidths                            0x0800c014   Data         176  sx1276.o(.constdata)
    PLLMulTable                              0x0800c400   Data           9  system_stm32l1xx.o(.constdata)
    AHBPrescTable                            0x0800c409   Data          16  system_stm32l1xx.o(.constdata)
    APBPrescTable                            0x0800c419   Data           8  system_stm32l1xx.o(.constdata)
    MASK_ICON_GRID                           0x0800c43c   Data           6  font_7seg.o(.constdata)
    FONT_7S                                  0x0800c442   Data         192  font_7seg.o(.constdata)
    Region$$Table$$Base                      0x0800c504   Number         0  anon$$obj.o(Region$$Table)
    Region$$Table$$Limit                     0x0800c524   Number         0  anon$$obj.o(Region$$Table)
    uwTick                                   0x20000000   Data           4  stm32l1xx_hal.o(.data)
    I2cInternalAddrSize                      0x20000007   Data           1  i2c-board.o(.data)
    NonScheduledWakeUp                       0x20000009   Data           1  rtc-board.o(.data)
    McuWakeUpTime                            0x20000010   Data           4  rtc-board.o(.data)
    RxData                                   0x2000001f   Data           1  uart-board.o(.data)
    TxData                                   0x20000020   Data           1  uart-board.o(.data)
    RS485Size                                0x20000021   Data           1  rs485-board.o(.data)
    HasLoopedThroughMain                     0x20000024   Data           1  timer.o(.data)
    DioIrq                                   0x20000030   Data          24  sx1276.o(.data)
    LoRaMacFlags                             0x20000062   Data           1  loramac.o(.data)
    LoRaMacState                             0x20000080   Data           4  loramac.o(.data)
    TxTimeOnAir                              0x20000084   Data           4  loramac.o(.data)
    SystemCoreClock                          0x200000e4   Data           4  system_stm32l1xx.o(.data)
    __stdout                                 0x20000118   Data           4  stdout.o(.data)
    pFlash                                   0x2000011c   Data          24  stm32l1xx_hal_flash.o(.bss)
    I2c                                      0x20000134   Data         108  board.o(.bss)
    Uart1                                    0x200001b4   Data          56  board.o(.bss)
    RtcHandle                                0x2000022c   Data          32  rtc-board.o(.bss)
    RtcCalendarContext                       0x2000024c   Data          20  rtc-board.o(.bss)
    AntSwitchLf                              0x20000260   Data          12  sx1276-board.o(.bss)
    AntSwitchHf                              0x2000026c   Data          12  sx1276-board.o(.bss)
    UartHandle                               0x20000290   Data          64  uart-board.o(.bss)
    uart_pd                                  0x200002d0   Data          12  rs485-board.o(.bss)
    TxBuffer                                 0x200002dc   Data          16  rs485-board.o(.bss)
    RxBuffer                                 0x200002ec   Data          16  rs485-board.o(.bss)
    RS485Buffer                              0x200002fc   Data          16  rs485-board.o(.bss)
    SX1276                                   0x20000420   Data         320  sx1276.o(.bss)
    TxTimeoutTimer                           0x20000560   Data          20  sx1276.o(.bss)
    RxTimeoutTimer                           0x20000574   Data          20  sx1276.o(.bss)
    RxTimeoutSyncWord                        0x20000588   Data          20  sx1276.o(.bss)
    LoRaMacParams                            0x200008bc   Data          56  loramac.o(.bss)
    LoRaMacParamsDefaults                    0x200008f4   Data          56  loramac.o(.bss)
    ComplianceTest                           0x20000d78   Data          20  main.o(.bss)
    __initial_sp                             0x20001190   Data           0  startup_stm32l151xb.o(STACK)



==============================================================================

Memory Map of the image

  Image Entry point : 0x080000f5

  Load Region LR_IROM1 (Base: 0x08000000, Size: 0x0000c640, Max: 0x00010000, ABSOLUTE)

    Execution Region ER_IROM1 (Base: 0x08000000, Size: 0x0000c524, Max: 0x00010000, ABSOLUTE)

    Base Addr    Size         Type   Attr      Idx    E Section Name        Object

    0x08000000   0x000000f4   Data   RO         4902    RESET               startup_stm32l151xb.o
    0x080000f4   0x00000000   Code   RO         5298  * .ARM.Collect$$$$00000000  mc_w.l(entry.o)
    0x080000f4   0x00000004   Code   RO         5604    .ARM.Collect$$$$00000001  mc_w.l(entry2.o)
    0x080000f8   0x00000004   Code   RO         5607    .ARM.Collect$$$$00000004  mc_w.l(entry5.o)
    0x080000fc   0x00000000   Code   RO         5609    .ARM.Collect$$$$00000008  mc_w.l(entry7b.o)
    0x080000fc   0x00000000   Code   RO         5611    .ARM.Collect$$$$0000000A  mc_w.l(entry8b.o)
    0x080000fc   0x00000008   Code   RO         5612    .ARM.Collect$$$$0000000B  mc_w.l(entry9a.o)
    0x08000104   0x00000000   Code   RO         5614    .ARM.Collect$$$$0000000D  mc_w.l(entry10a.o)
    0x08000104   0x00000000   Code   RO         5616    .ARM.Collect$$$$0000000F  mc_w.l(entry11a.o)
    0x08000104   0x00000004   Code   RO         5605    .ARM.Collect$$$$00002712  mc_w.l(entry2.o)
    0x08000108   0x00000024   Code   RO         4903    .text               startup_stm32l151xb.o
    0x0800012c   0x00000024   Code   RO         5301    .text               mc_w.l(memcpya.o)
    0x08000150   0x00000024   Code   RO         5303    .text               mc_w.l(memseta.o)
    0x08000174   0x000000b0   Code   RO         5568    .text               mf_w.l(fadd.o)
    0x08000224   0x00000064   Code   RO         5570    .text               mf_w.l(fmul.o)
    0x08000288   0x0000014e   Code   RO         5572    .text               mf_w.l(dadd.o)
    0x080003d6   0x000000e4   Code   RO         5574    .text               mf_w.l(dmul.o)
    0x080004ba   0x000000de   Code   RO         5576    .text               mf_w.l(ddiv.o)
    0x08000598   0x0000002e   Code   RO         5578    .text               mf_w.l(dscalb.o)
    0x080005c6   0x00000012   Code   RO         5580    .text               mf_w.l(fflti.o)
    0x080005d8   0x0000000a   Code   RO         5582    .text               mf_w.l(ffltui.o)
    0x080005e2   0x00000022   Code   RO         5584    .text               mf_w.l(dflti.o)
    0x08000604   0x0000001a   Code   RO         5586    .text               mf_w.l(dfltui.o)
    0x0800061e   0x00000032   Code   RO         5588    .text               mf_w.l(ffixi.o)
    0x08000650   0x00000028   Code   RO         5590    .text               mf_w.l(ffixui.o)
    0x08000678   0x0000003e   Code   RO         5592    .text               mf_w.l(dfixi.o)
    0x080006b6   0x00000032   Code   RO         5594    .text               mf_w.l(dfixui.o)
    0x080006e8   0x00000026   Code   RO         5596    .text               mf_w.l(f2d.o)
    0x0800070e   0x00000002   PAD
    0x08000710   0x00000028   Code   RO         5598    .text               mf_w.l(cdcmple.o)
    0x08000738   0x00000028   Code   RO         5600    .text               mf_w.l(cdrcmple.o)
    0x08000760   0x00000038   Code   RO         5602    .text               mf_w.l(d2f.o)
    0x08000798   0x0000002c   Code   RO         5621    .text               mc_w.l(uidiv.o)
    0x080007c4   0x00000062   Code   RO         5623    .text               mc_w.l(uldiv.o)
    0x08000826   0x0000001e   Code   RO         5625    .text               mc_w.l(llshl.o)
    0x08000844   0x00000020   Code   RO         5627    .text               mc_w.l(llushr.o)
    0x08000864   0x00000024   Code   RO         5629    .text               mc_w.l(llsshr.o)
    0x08000888   0x00000000   Code   RO         5631    .text               mc_w.l(iusefp.o)
    0x08000888   0x0000006e   Code   RO         5632    .text               mf_w.l(fepilogue.o)
    0x080008f6   0x000000b6   Code   RO         5634    .text               mf_w.l(depilogue.o)
    0x080009ac   0x00000088   Code   RO         5636    .text               mf_w.l(drnd.o)
    0x08000a34   0x00000030   Code   RO         5638    .text               mf_w.l(dfixul.o)
    0x08000a64   0x00000024   Code   RO         5640    .text               mc_w.l(init.o)
    0x08000a88   0x00000000   Code   RO         5642    .text               mc_w.l(semi.o)
    0x08000a88   0x00000000   Code   RO         5643    .text               mc_w.l(iusesemip.o)
    0x08000a88   0x00000140   Code   RO         4442    i.AES_CMAC_Final    cmac.o
    0x08000bc8   0x00000022   Code   RO         4443    i.AES_CMAC_Init     cmac.o
    0x08000bea   0x0000000c   Code   RO         4444    i.AES_CMAC_SetKey   cmac.o
    0x08000bf6   0x000000ae   Code   RO         4445    i.AES_CMAC_Update   cmac.o
    0x08000ca4   0x00000098   Code   RO         4099    i.AddMacCommand     loramac.o
    0x08000d3c   0x00000014   Code   RO         3054    i.BlockLowPowerDuringTask  rtc-board.o
    0x08000d50   0x00000010   Code   RO         2635    i.BoardDisableIrq   board.o
    0x08000d60   0x00000018   Code   RO         2636    i.BoardEnableIrq    board.o
    0x08000d78   0x00000004   Code   RO         2637    i.BoardGetBatteryLevel  board.o
    0x08000d7c   0x00000048   Code   RO         2639    i.BoardGetUniqueId  board.o
    0x08000dc4   0x00000054   Code   RO         2640    i.BoardInitMcu      board.o
    0x08000e18   0x00000012   Code   RO         2641    i.BoardInitPeriph   board.o
    0x08000e2a   0x00000002   PAD
    0x08000e2c   0x00000044   Code   RO         2642    i.BoardUpdateLed    board.o
    0x08000e70   0x00000044   Code   RO         4100    i.CalculateBackOff  loramac.o
    0x08000eb4   0x0000008a   Code   RO         4738    i.CountNbOfEnabledChannels  regioncn470.o
    0x08000f3e   0x00000004   Code   RO         3561    i.DelayMs           delay.o
    0x08000f42   0x00000010   Code   RO         2881    i.EXTI0_IRQHandler  gpio-board.o
    0x08000f52   0x0000003a   Code   RO         2882    i.EXTI15_10_IRQHandler  gpio-board.o
    0x08000f8c   0x00000010   Code   RO         2883    i.EXTI1_IRQHandler  gpio-board.o
    0x08000f9c   0x00000010   Code   RO         2884    i.EXTI2_IRQHandler  gpio-board.o
    0x08000fac   0x00000010   Code   RO         2885    i.EXTI3_IRQHandler  gpio-board.o
    0x08000fbc   0x00000010   Code   RO         2886    i.EXTI4_IRQHandler  gpio-board.o
    0x08000fcc   0x0000002c   Code   RO         2887    i.EXTI9_5_IRQHandler  gpio-board.o
    0x08000ff8   0x0000000c   Code   RO         3462    i.EncodeInt16       rs485-board.o
    0x08001004   0x00000088   Code   RO         1496    i.FLASH_DATAEEPROM_FastProgramByte  stm32l1xx_hal_flash_ex.o
    0x0800108c   0x000000ec   Code   RO         1497    i.FLASH_DATAEEPROM_FastProgramHalfWord  stm32l1xx_hal_flash_ex.o
    0x08001178   0x0000007c   Code   RO         1498    i.FLASH_DATAEEPROM_ProgramByte  stm32l1xx_hal_flash_ex.o
    0x080011f4   0x000000a0   Code   RO         1499    i.FLASH_DATAEEPROM_ProgramHalfWord  stm32l1xx_hal_flash_ex.o
    0x08001294   0x00000048   Code   RO          237    i.FLASH_SetErrorCode  stm32l1xx_hal_flash.o
    0x080012dc   0x00000054   Code   RO          238    i.FLASH_WaitForLastOperation  stm32l1xx_hal_flash.o
    0x08001330   0x00000008   Code   RO         3587    i.FifoFlush         fifo.o
    0x08001338   0x0000000c   Code   RO         3588    i.FifoInit          fifo.o
    0x08001344   0x00000010   Code   RO         3589    i.FifoNext          fifo.o
    0x08001354   0x0000001c   Code   RO         3590    i.FifoPop           fifo.o
    0x08001370   0x00000014   Code   RO         3591    i.FifoPush          fifo.o
    0x08001384   0x0000002c   Code   RO         3855    i.GetFskBandwidthRegValue  sx1276.o
    0x080013b0   0x00000018   Code   RO         3801    i.GpioInit          gpio.o
    0x080013c8   0x00000104   Code   RO         2888    i.GpioMcuInit       gpio-board.o
    0x080014cc   0x00000108   Code   RO         2891    i.GpioMcuSetInterrupt  gpio-board.o
    0x080015d4   0x00000048   Code   RO         2893    i.GpioMcuWrite      gpio-board.o
    0x0800161c   0x00000018   Code   RO         3804    i.GpioSetInterrupt  gpio.o
    0x08001634   0x00000012   Code   RO         3806    i.GpioWrite         gpio.o
    0x08001646   0x00000016   Code   RO         1716    i.HAL_Delay         stm32l1xx_hal.o
    0x0800165c   0x000000b8   Code   RO         1508    i.HAL_FLASHEx_DATAEEPROM_Erase  stm32l1xx_hal_flash_ex.o
    0x08001714   0x00000014   Code   RO         1509    i.HAL_FLASHEx_DATAEEPROM_Lock  stm32l1xx_hal_flash_ex.o
    0x08001728   0x00000178   Code   RO         1510    i.HAL_FLASHEx_DATAEEPROM_Program  stm32l1xx_hal_flash_ex.o
    0x080018a0   0x00000028   Code   RO         1511    i.HAL_FLASHEx_DATAEEPROM_Unlock  stm32l1xx_hal_flash_ex.o
    0x080018c8   0x00000024   Code   RO         2894    i.HAL_GPIO_EXTI_Callback  gpio-board.o
    0x080018ec   0x00000018   Code   RO         1645    i.HAL_GPIO_EXTI_IRQHandler  stm32l1xx_hal_gpio.o
    0x08001904   0x000002c0   Code   RO         1646    i.HAL_GPIO_Init     stm32l1xx_hal_gpio.o
    0x08001bc4   0x0000006c   Code   RO         1650    i.HAL_GPIO_WritePin  stm32l1xx_hal_gpio.o
    0x08001c30   0x0000000c   Code   RO         1720    i.HAL_GetTick       stm32l1xx_hal.o
    0x08001c3c   0x00000234   Code   RO          942    i.HAL_I2C_Init      stm32l1xx_hal_i2c.o
    0x08001e70   0x00000244   Code   RO          958    i.HAL_I2C_Mem_Read  stm32l1xx_hal_i2c.o
    0x080020b4   0x00000002   Code   RO          965    i.HAL_I2C_MspInit   stm32l1xx_hal_i2c.o
    0x080020b6   0x00000002   PAD
    0x080020b8   0x00000010   Code   RO         1721    i.HAL_IncTick       stm32l1xx_hal.o
    0x080020c8   0x00000016   Code   RO         1722    i.HAL_Init          stm32l1xx_hal.o
    0x080020de   0x00000002   PAD
    0x080020e0   0x00000028   Code   RO         1723    i.HAL_InitTick      stm32l1xx_hal.o
    0x08002108   0x00000002   Code   RO         1725    i.HAL_MspInit       stm32l1xx_hal.o
    0x0800210a   0x00000002   PAD
    0x0800210c   0x00000060   Code   RO            9    i.HAL_NVIC_EnableIRQ  stm32l1xx_hal_cortex.o
    0x0800216c   0x0000009c   Code   RO           15    i.HAL_NVIC_SetPriority  stm32l1xx_hal_cortex.o
    0x08002208   0x00000080   Code   RO           16    i.HAL_NVIC_SetPriorityGrouping  stm32l1xx_hal_cortex.o
    0x08002288   0x00000018   Code   RO          360    i.HAL_PWREx_EnableFastWakeUp  stm32l1xx_hal_pwr_ex.o
    0x080022a0   0x00000018   Code   RO          362    i.HAL_PWREx_EnableUltraLowPower  stm32l1xx_hal_pwr_ex.o
    0x080022b8   0x00000018   Code   RO          814    i.HAL_PWR_DisablePVD  stm32l1xx_hal_pwr.o
    0x080022d0   0x00000090   Code   RO          823    i.HAL_PWR_EnterSLEEPMode  stm32l1xx_hal_pwr.o
    0x08002360   0x000001fc   Code   RO          419    i.HAL_RCCEx_PeriphCLKConfig  stm32l1xx_hal_rcc_ex.o
    0x0800255c   0x000002e0   Code   RO         1390    i.HAL_RCC_ClockConfig  stm32l1xx_hal_rcc.o
    0x0800283c   0x0000000c   Code   RO         1395    i.HAL_RCC_GetHCLKFreq  stm32l1xx_hal_rcc.o
    0x08002848   0x00000030   Code   RO         1397    i.HAL_RCC_GetPCLK1Freq  stm32l1xx_hal_rcc.o
    0x08002878   0x00000030   Code   RO         1398    i.HAL_RCC_GetPCLK2Freq  stm32l1xx_hal_rcc.o
    0x080028a8   0x0000008c   Code   RO         1399    i.HAL_RCC_GetSysClockFreq  stm32l1xx_hal_rcc.o
    0x08002934   0x00000978   Code   RO         1402    i.HAL_RCC_OscConfig  stm32l1xx_hal_rcc.o
    0x080032ac   0x00000002   Code   RO         1951    i.HAL_RTCEx_AlarmBEventCallback  stm32l1xx_hal_rtc_ex.o
    0x080032ae   0x0000007a   Code   RO         1959    i.HAL_RTCEx_DeactivateWakeUpTimer  stm32l1xx_hal_rtc_ex.o
    0x08003328   0x00000002   Code   RO         1844    i.HAL_RTC_AlarmAEventCallback  stm32l1xx_hal_rtc.o
    0x0800332a   0x00000002   PAD
    0x0800332c   0x0000005c   Code   RO         1845    i.HAL_RTC_AlarmIRQHandler  stm32l1xx_hal_rtc.o
    0x08003388   0x00000108   Code   RO         1847    i.HAL_RTC_DeactivateAlarm  stm32l1xx_hal_rtc.o
    0x08003490   0x000000d8   Code   RO         1981    i.HAL_RTC_GetAlarm  stm32l1xx_hal_rtc_ex.o
    0x08003568   0x00000090   Code   RO         1848    i.HAL_RTC_GetDate   stm32l1xx_hal_rtc.o
    0x080035f8   0x00000098   Code   RO         1982    i.HAL_RTC_GetTime   stm32l1xx_hal_rtc_ex.o
    0x08003690   0x00000158   Code   RO         1850    i.HAL_RTC_Init      stm32l1xx_hal_rtc.o
    0x080037e8   0x00000002   Code   RO         1852    i.HAL_RTC_MspInit   stm32l1xx_hal_rtc.o
    0x080037ea   0x00000002   PAD
    0x080037ec   0x0000032c   Code   RO         1984    i.HAL_RTC_SetAlarm_IT  stm32l1xx_hal_rtc_ex.o
    0x08003b18   0x000001ac   Code   RO         1854    i.HAL_RTC_SetDate   stm32l1xx_hal_rtc.o
    0x08003cc4   0x0000020c   Code   RO         1855    i.HAL_RTC_SetTime   stm32l1xx_hal_rtc.o
    0x08003ed0   0x00000034   Code   RO         1985    i.HAL_RTC_WaitForSynchro  stm32l1xx_hal_rtc_ex.o
    0x08003f04   0x000001b4   Code   RO          548    i.HAL_SPI_Init      stm32l1xx_hal_spi_ex.o
    0x080040b8   0x00000002   Code   RO          582    i.HAL_SPI_MspInit   stm32l1xx_hal_spi.o
    0x080040ba   0x00000002   PAD
    0x080040bc   0x00000064   Code   RO           18    i.HAL_SYSTICK_CLKSourceConfig  stm32l1xx_hal_cortex.o
    0x08004120   0x00000002   Code   RO           19    i.HAL_SYSTICK_Callback  stm32l1xx_hal_cortex.o
    0x08004122   0x00000028   Code   RO           20    i.HAL_SYSTICK_Config  stm32l1xx_hal_cortex.o
    0x0800414a   0x00000008   Code   RO           21    i.HAL_SYSTICK_IRQHandler  stm32l1xx_hal_cortex.o
    0x08004152   0x00000002   PAD
    0x08004154   0x00000014   Code   RO         3385    i.HAL_UART_ErrorCallback  uart-board.o
    0x08004168   0x000000d8   Code   RO         2194    i.HAL_UART_IRQHandler  stm32l1xx_hal_uart.o
    0x08004240   0x00000124   Code   RO         2195    i.HAL_UART_Init     stm32l1xx_hal_uart.o
    0x08004364   0x00000002   Code   RO         2197    i.HAL_UART_MspInit  stm32l1xx_hal_uart.o
    0x08004366   0x00000068   Code   RO         2200    i.HAL_UART_Receive_IT  stm32l1xx_hal_uart.o
    0x080043ce   0x00000002   PAD
    0x080043d0   0x0000003c   Code   RO         3386    i.HAL_UART_RxCpltCallback  uart-board.o
    0x0800440c   0x000000c8   Code   RO         2203    i.HAL_UART_Transmit  stm32l1xx_hal_uart.o
    0x080044d4   0x00000054   Code   RO         2205    i.HAL_UART_Transmit_IT  stm32l1xx_hal_uart.o
    0x08004528   0x00000040   Code   RO         3387    i.HAL_UART_TxCpltCallback  uart-board.o
    0x08004568   0x00000028   Code   RO          980    i.I2C_IsAcknowledgeFailed  stm32l1xx_hal_i2c.o
    0x08004590   0x000000f0   Code   RO          989    i.I2C_RequestMemoryRead  stm32l1xx_hal_i2c.o
    0x08004680   0x00000060   Code   RO          994    i.I2C_WaitOnFlagUntilTimeout  stm32l1xx_hal_i2c.o
    0x080046e0   0x00000086   Code   RO          995    i.I2C_WaitOnMasterAddressFlagUntilTimeout  stm32l1xx_hal_i2c.o
    0x08004766   0x00000064   Code   RO          996    i.I2C_WaitOnRXNEFlagUntilTimeout  stm32l1xx_hal_i2c.o
    0x080047ca   0x0000004e   Code   RO          997    i.I2C_WaitOnTXEFlagUntilTimeout  stm32l1xx_hal_i2c.o
    0x08004818   0x00000034   Code   RO         3638    i.I2cInit           i2c.o
    0x0800484c   0x0000003c   Code   RO         2989    i.I2cMcuFormat      i2c-board.o
    0x08004888   0x0000006c   Code   RO         2990    i.I2cMcuInit        i2c-board.o
    0x080048f4   0x00000030   Code   RO         2991    i.I2cMcuReadBuffer  i2c-board.o
    0x08004924   0x0000001c   Code   RO         3640    i.I2cReadBuffer     i2c.o
    0x08004940   0x0000000c   Code   RO         2994    i.I2cSetAddrSize    i2c-board.o
    0x0800494c   0x00000010   Code   RO         3592    i.IsFifoEmpty       fifo.o
    0x0800495c   0x00000018   Code   RO         3593    i.IsFifoFull        fifo.o
    0x08004974   0x0000000c   Code   RO         3308    i.LEDClear          led-board.o
    0x08004980   0x0000002c   Code   RO         3309    i.LEDInit           led-board.o
    0x080049ac   0x0000000c   Code   RO         3310    i.LEDPutChar        led-board.o
    0x080049b8   0x0000000c   Code   RO         3311    i.LEDReadBRT        led-board.o
    0x080049c4   0x0000000c   Code   RO         3312    i.LEDReadState      led-board.o
    0x080049d0   0x00000014   Code   RO         3313    i.LEDSetBRT         led-board.o
    0x080049e4   0x00000028   Code   RO         3314    i.LEDSetDot         led-board.o
    0x08004a0c   0x0000000c   Code   RO         3315    i.LEDSetLocate      led-board.o
    0x08004a18   0x00000014   Code   RO         3316    i.LEDSetState       led-board.o
    0x08004a2c   0x00000080   Code   RO         4340    i.LoRaMacComputeMic  loramaccrypto.o
    0x08004aac   0x00000230   Code   RO         4103    i.LoRaMacInitialization  loramac.o
    0x08004cdc   0x00000048   Code   RO         4341    i.LoRaMacJoinComputeMic  loramaccrypto.o
    0x08004d24   0x0000008c   Code   RO         4342    i.LoRaMacJoinComputeSKeys  loramaccrypto.o
    0x08004db0   0x00000048   Code   RO         4343    i.LoRaMacJoinDecrypt  loramaccrypto.o
    0x08004df8   0x00000128   Code   RO         4104    i.LoRaMacMcpsRequest  loramac.o
    0x08004f20   0x000000ec   Code   RO         4105    i.LoRaMacMibGetRequestConfirm  loramac.o
    0x0800500c   0x00000258   Code   RO         4106    i.LoRaMacMibSetRequestConfirm  loramac.o
    0x08005264   0x00000130   Code   RO         4107    i.LoRaMacMlmeRequest  loramac.o
    0x08005394   0x00000012   Code   RO         4344    i.LoRaMacPayloadDecrypt  loramaccrypto.o
    0x080053a6   0x00000002   PAD
    0x080053a8   0x000000e0   Code   RO         4345    i.LoRaMacPayloadEncrypt  loramaccrypto.o
    0x08005488   0x000000c8   Code   RO         4110    i.LoRaMacQueryTxPossible  loramac.o
    0x08005550   0x0000000c   Code   RO         4948    i.McpsConfirm       main.o
    0x0800555c   0x000001c0   Code   RO         4949    i.McpsIndication    main.o
    0x0800571c   0x00000040   Code   RO         4950    i.MlmeConfirm       main.o
    0x0800575c   0x0000002c   Code   RO         3463    i.ModRTU_CRC        rs485-board.o
    0x08005788   0x00000020   Code   RO           22    i.NVIC_SetPriority  stm32l1xx_hal_cortex.o
    0x080057a8   0x00000038   Code   RO         4115    i.OnAckTimeoutTimerEvent  loramac.o
    0x080057e0   0x0000022c   Code   RO         4116    i.OnMacStateCheckTimerEvent  loramac.o
    0x08005a0c   0x00000028   Code   RO         3464    i.OnRS485ReadTimerEvent  rs485-board.o
    0x08005a34   0x00000500   Code   RO         4117    i.OnRadioRxDone     loramac.o
    0x08005f34   0x0000005c   Code   RO         4118    i.OnRadioRxError    loramac.o
    0x08005f90   0x00000060   Code   RO         4119    i.OnRadioRxTimeout  loramac.o
    0x08005ff0   0x000000f8   Code   RO         4120    i.OnRadioTxDone     loramac.o
    0x080060e8   0x0000003c   Code   RO         4121    i.OnRadioTxTimeout  loramac.o
    0x08006124   0x00000060   Code   RO         4122    i.OnRxWindow1TimerEvent  loramac.o
    0x08006184   0x0000005c   Code   RO         4123    i.OnRxWindow2TimerEvent  loramac.o
    0x080061e0   0x0000006c   Code   RO         4124    i.OnTxDelayedTimerEvent  loramac.o
    0x0800624c   0x00000038   Code   RO         4951    i.OnTxNextPacketTimerEvent  main.o
    0x08006284   0x00000014   Code   RO         4952    i.OnUpdateLEDTimerEvent  main.o
    0x08006298   0x0000004e   Code   RO         4125    i.ParseMacCommandsToRepeat  loramac.o
    0x080062e6   0x00000002   PAD
    0x080062e8   0x00000298   Code   RO         4126    i.PrepareFrame      loramac.o
    0x08006580   0x0000003c   Code   RO         4127    i.PrepareRxDoneAbort  loramac.o
    0x080065bc   0x000000ac   Code   RO         4953    i.PrepareTxFrame    main.o
    0x08006668   0x000002bc   Code   RO         4128    i.ProcessMacCommands  loramac.o
    0x08006924   0x00000080   Code   RO         1403    i.RCC_SetFlashLatencyFromMSIRange  stm32l1xx_hal_rcc.o
    0x080069a4   0x00000040   Code   RO         3465    i.RS485DataIrq      rs485-board.o
    0x080069e4   0x0000007c   Code   RO         3467    i.RS485Init         rs485-board.o
    0x08006a60   0x0000002c   Code   RO         3468    i.RS485InitPort     rs485-board.o
    0x08006a8c   0x00000034   Code   RO         3469    i.RS485_Send        rs485-board.o
    0x08006ac0   0x0000002c   Code   RO         3055    i.RTC_Alarm_IRQHandler  rtc-board.o
    0x08006aec   0x00000012   Code   RO         1856    i.RTC_Bcd2ToByte    stm32l1xx_hal_rtc.o
    0x08006afe   0x00000016   Code   RO         1857    i.RTC_ByteToBcd2    stm32l1xx_hal_rtc.o
    0x08006b14   0x00000038   Code   RO         1858    i.RTC_EnterInitMode  stm32l1xx_hal_rtc.o
    0x08006b4c   0x00000020   Code   RO         4478    i.RegionAdrNext     region.o
    0x08006b6c   0x0000000e   Code   RO         4479    i.RegionAlternateDr  region.o
    0x08006b7a   0x0000000c   Code   RO         4480    i.RegionApplyCFList  region.o
    0x08006b86   0x0000001c   Code   RO         4481    i.RegionApplyDrOffset  region.o
    0x08006ba2   0x00000002   PAD
    0x08006ba4   0x00000088   Code   RO         4739    i.RegionCN470AdrNext  regioncn470.o
    0x08006c2c   0x00000040   Code   RO         4740    i.RegionCN470AlternateDr  regioncn470.o
    0x08006c6c   0x00000002   Code   RO         4741    i.RegionCN470ApplyCFList  regioncn470.o
    0x08006c6e   0x0000000e   Code   RO         4742    i.RegionCN470ApplyDrOffset  regioncn470.o
    0x08006c7c   0x00000040   Code   RO         4743    i.RegionCN470CalcBackOff  regioncn470.o
    0x08006cbc   0x0000002c   Code   RO         4744    i.RegionCN470ChanMaskSet  regioncn470.o
    0x08006ce8   0x00000060   Code   RO         4747    i.RegionCN470ComputeRxWindowParameters  regioncn470.o
    0x08006d48   0x00000004   Code   RO         4748    i.RegionCN470DlChannelReq  regioncn470.o
    0x08006d4c   0x000000cc   Code   RO         4749    i.RegionCN470GetPhyParam  regioncn470.o
    0x08006e18   0x00000068   Code   RO         4750    i.RegionCN470InitDefaults  regioncn470.o
    0x08006e80   0x00000150   Code   RO         4751    i.RegionCN470LinkAdrReq  regioncn470.o
    0x08006fd0   0x00000004   Code   RO         4752    i.RegionCN470NewChannelReq  regioncn470.o
    0x08006fd4   0x000000b0   Code   RO         4753    i.RegionCN470NextChannel  regioncn470.o
    0x08007084   0x000000ac   Code   RO         4754    i.RegionCN470RxConfig  regioncn470.o
    0x08007130   0x0000006c   Code   RO         4755    i.RegionCN470RxParamSetupReq  regioncn470.o
    0x0800719c   0x00000024   Code   RO         4756    i.RegionCN470SetBandTxDone  regioncn470.o
    0x080071c0   0x00000050   Code   RO         4757    i.RegionCN470SetContinuousWave  regioncn470.o
    0x08007210   0x000000ac   Code   RO         4758    i.RegionCN470TxConfig  regioncn470.o
    0x080072bc   0x00000006   Code   RO         4759    i.RegionCN470TxParamSetupReq  regioncn470.o
    0x080072c2   0x0000004c   Code   RO         4760    i.RegionCN470Verify  regioncn470.o
    0x0800730e   0x0000000c   Code   RO         4482    i.RegionCalcBackOff  region.o
    0x0800731a   0x0000000e   Code   RO         4483    i.RegionChanMaskSet  region.o
    0x08007328   0x00000060   Code   RO         4631    i.RegionCommonCalcBackOff  regioncommon.o
    0x08007388   0x00000020   Code   RO         4633    i.RegionCommonChanMaskCopy  regioncommon.o
    0x080073a8   0x00000068   Code   RO         4634    i.RegionCommonChanVerifyDr  regioncommon.o
    0x08007410   0x000000a2   Code   RO         4635    i.RegionCommonComputeRxWindowParameters  regioncommon.o
    0x080074b2   0x00000002   PAD
    0x080074b4   0x00000030   Code   RO         4637    i.RegionCommonComputeSymbolTimeLoRa  regioncommon.o
    0x080074e4   0x00000028   Code   RO         4638    i.RegionCommonComputeTxPower  regioncommon.o
    0x0800750c   0x00000042   Code   RO         4639    i.RegionCommonCountChannels  regioncommon.o
    0x0800754e   0x00000002   PAD
    0x08007550   0x00000024   Code   RO         4640    i.RegionCommonGetJoinDc  regioncommon.o
    0x08007574   0x00000092   Code   RO         4641    i.RegionCommonLinkAdrReqVerifyParams  regioncommon.o
    0x08007606   0x00000036   Code   RO         4642    i.RegionCommonParseLinkAdrReq  regioncommon.o
    0x0800763c   0x0000000a   Code   RO         4643    i.RegionCommonSetBandTxDone  regioncommon.o
    0x08007646   0x000000aa   Code   RO         4644    i.RegionCommonUpdateBandTimeOff  regioncommon.o
    0x080076f0   0x00000010   Code   RO         4645    i.RegionCommonValueInRange  regioncommon.o
    0x08007700   0x0000001e   Code   RO         4486    i.RegionComputeRxWindowParameters  region.o
    0x0800771e   0x0000000e   Code   RO         4487    i.RegionDlChannelReq  region.o
    0x0800772c   0x00000010   Code   RO         4488    i.RegionGetPhyParam  region.o
    0x0800773c   0x0000000c   Code   RO         4489    i.RegionInitDefaults  region.o
    0x08007748   0x0000000c   Code   RO         4490    i.RegionIsActive    region.o
    0x08007754   0x00000022   Code   RO         4491    i.RegionLinkAdrReq  region.o
    0x08007776   0x0000000e   Code   RO         4492    i.RegionNewChannelReq  region.o
    0x08007784   0x00000020   Code   RO         4493    i.RegionNextChannel  region.o
    0x080077a4   0x00000012   Code   RO         4494    i.RegionRxConfig    region.o
    0x080077b6   0x0000000e   Code   RO         4495    i.RegionRxParamSetupReq  region.o
    0x080077c4   0x0000000c   Code   RO         4496    i.RegionSetBandTxDone  region.o
    0x080077d0   0x0000000c   Code   RO         4497    i.RegionSetContinuousWave  region.o
    0x080077dc   0x0000001c   Code   RO         4498    i.RegionTxConfig    region.o
    0x080077f8   0x0000000e   Code   RO         4499    i.RegionTxParamSetupReq  region.o
    0x08007806   0x00000012   Code   RO         4500    i.RegionVerify      region.o
    0x08007818   0x0000007c   Code   RO         4129    i.ResetMacParameters  loramac.o
    0x08007894   0x0000001c   Code   RO         3056    i.RtcComputeElapsedTime  rtc-board.o
    0x080078b0   0x000001d8   Code   RO         3058    i.RtcComputeTimerTimeToAlarmTick  rtc-board.o
    0x08007a88   0x00000098   Code   RO         3059    i.RtcComputeWakeUpTime  rtc-board.o
    0x08007b20   0x0000012c   Code   RO         3060    i.RtcConvertCalendarTickToTimerTime  rtc-board.o
    0x08007c4c   0x00000038   Code   RO         3062    i.RtcEnterLowPowerStopMode  rtc-board.o
    0x08007c84   0x00000030   Code   RO         3063    i.RtcGetAdjustedTimeoutValue  rtc-board.o
    0x08007cb4   0x00000058   Code   RO         3064    i.RtcGetCalendar    rtc-board.o
    0x08007d0c   0x00000024   Code   RO         3065    i.RtcGetElapsedAlarmTime  rtc-board.o
    0x08007d30   0x00000006   Code   RO         3066    i.RtcGetTimerValue  rtc-board.o
    0x08007d36   0x00000002   PAD
    0x08007d38   0x00000090   Code   RO         3067    i.RtcInit           rtc-board.o
    0x08007dc8   0x00000038   Code   RO         3068    i.RtcRecoverMcuStatus  rtc-board.o
    0x08007e00   0x00000004   Code   RO         3069    i.RtcSetTimeout     rtc-board.o
    0x08007e04   0x000000bc   Code   RO         3070    i.RtcStartWakeUpAlarm  rtc-board.o
    0x08007ec0   0x00000094   Code   RO         3856    i.RxChainCalibration  sx1276.o
    0x08007f54   0x00000014   Code   RO         4130    i.RxWindowSetup     loramac.o
    0x08007f68   0x00000044   Code   RO         3270    i.SHT3XReadData     sht3x-board.o
    0x08007fac   0x00000028   Code   RO         3271    i.SHT3XReadHumidity  sht3x-board.o
    0x08007fd4   0x00000034   Code   RO         3272    i.SHT3XReadTemperature  sht3x-board.o
    0x08008008   0x0000002c   Code   RO         3177    i.SX1276AntSwDeInit  sx1276-board.o
    0x08008034   0x00000030   Code   RO         3178    i.SX1276AntSwInit   sx1276-board.o
    0x08008064   0x00000004   Code   RO         3179    i.SX1276CheckRfFrequency  sx1276-board.o
    0x08008068   0x00000014   Code   RO         3180    i.SX1276GetPaSelect  sx1276-board.o
    0x0800807c   0x0000000c   Code   RO         3857    i.SX1276GetStatus   sx1276.o
    0x08008088   0x000001f8   Code   RO         3858    i.SX1276GetTimeOnAir  sx1276.o
    0x08008280   0x0000007c   Code   RO         3859    i.SX1276Init        sx1276.o
    0x080082fc   0x00000088   Code   RO         3182    i.SX1276IoInit      sx1276-board.o
    0x08008384   0x00000060   Code   RO         3183    i.SX1276IoIrqInit   sx1276-board.o
    0x080083e4   0x0000004e   Code   RO         3860    i.SX1276IsChannelFree  sx1276.o
    0x08008432   0x00000002   PAD
    0x08008434   0x00000260   Code   RO         3861    i.SX1276OnDio0Irq   sx1276.o
    0x08008694   0x000000e4   Code   RO         3862    i.SX1276OnDio1Irq   sx1276.o
    0x08008778   0x000000cc   Code   RO         3863    i.SX1276OnDio2Irq   sx1276.o
    0x08008844   0x0000005c   Code   RO         3864    i.SX1276OnDio3Irq   sx1276.o
    0x080088a0   0x00000020   Code   RO         3865    i.SX1276OnDio4Irq   sx1276.o
    0x080088c0   0x000000e4   Code   RO         3867    i.SX1276OnTimeoutIrq  sx1276.o
    0x080089a4   0x0000003e   Code   RO         3868    i.SX1276Random      sx1276.o
    0x080089e2   0x00000010   Code   RO         3869    i.SX1276Read        sx1276.o
    0x080089f2   0x00000002   PAD
    0x080089f4   0x00000048   Code   RO         3870    i.SX1276ReadBuffer  sx1276.o
    0x08008a3c   0x0000000a   Code   RO         3871    i.SX1276ReadFifo    sx1276.o
    0x08008a46   0x00000002   PAD
    0x08008a48   0x00000044   Code   RO         3872    i.SX1276ReadRssi    sx1276.o
    0x08008a8c   0x0000003c   Code   RO         3873    i.SX1276Reset       sx1276.o
    0x08008ac8   0x000000f8   Code   RO         3874    i.SX1276Send        sx1276.o
    0x08008bc0   0x0000002c   Code   RO         3184    i.SX1276SetAntSw    sx1276-board.o
    0x08008bec   0x0000001c   Code   RO         3185    i.SX1276SetAntSwLowPower  sx1276-board.o
    0x08008c08   0x00000044   Code   RO         3875    i.SX1276SetChannel  sx1276.o
    0x08008c4c   0x00000034   Code   RO         3876    i.SX1276SetMaxPayloadLength  sx1276.o
    0x08008c80   0x00000078   Code   RO         3877    i.SX1276SetModem    sx1276.o
    0x08008cf8   0x00000030   Code   RO         3878    i.SX1276SetOpMode   sx1276.o
    0x08008d28   0x00000028   Code   RO         3879    i.SX1276SetPublicNetwork  sx1276.o
    0x08008d50   0x000000a4   Code   RO         3186    i.SX1276SetRfTxPower  sx1276-board.o
    0x08008df4   0x00000204   Code   RO         3880    i.SX1276SetRx       sx1276.o
    0x08008ff8   0x00000298   Code   RO         3881    i.SX1276SetRxConfig  sx1276.o
    0x08009290   0x00000028   Code   RO         3882    i.SX1276SetSleep    sx1276.o
    0x080092b8   0x00000028   Code   RO         3883    i.SX1276SetStby     sx1276.o
    0x080092e0   0x000000a4   Code   RO         3884    i.SX1276SetTx       sx1276.o
    0x08009384   0x00000208   Code   RO         3885    i.SX1276SetTxConfig  sx1276.o
    0x0800958c   0x00000084   Code   RO         3886    i.SX1276SetTxContinuousWave  sx1276.o
    0x08009610   0x00000040   Code   RO         3887    i.SX1276StartCad    sx1276.o
    0x08009650   0x0000000c   Code   RO         3888    i.SX1276Write       sx1276.o
    0x0800965c   0x00000048   Code   RO         3889    i.SX1276WriteBuffer  sx1276.o
    0x080096a4   0x0000000a   Code   RO         3890    i.SX1276WriteFifo   sx1276.o
    0x080096ae   0x00000002   PAD
    0x080096b0   0x00000100   Code   RO         4131    i.ScheduleTx        loramac.o
    0x080097b0   0x00000040   Code   RO         4132    i.Send              loramac.o
    0x080097f0   0x00000070   Code   RO         4954    i.SendFrame         main.o
    0x08009860   0x000000a0   Code   RO         4133    i.SendFrameOnChannel  loramac.o
    0x08009900   0x00000028   Code   RO         3471    i.Send_Error        rs485-board.o
    0x08009928   0x00000058   Code   RO         4134    i.SetTxContinuousWave  loramac.o
    0x08009980   0x0000003c   Code   RO         4135    i.SetTxContinuousWave1  loramac.o
    0x080099bc   0x00000030   Code   RO         2830    i.SpiFormat         spi-board.o
    0x080099ec   0x0000002c   Code   RO         2831    i.SpiFrequency      spi-board.o
    0x08009a18   0x00000064   Code   RO         2832    i.SpiInOut          spi-board.o
    0x08009a7c   0x00000110   Code   RO         2833    i.SpiInit           spi-board.o
    0x08009b8c   0x0000000e   Code   RO         2645    i.SysTick_Handler   board.o
    0x08009b9a   0x00000002   PAD
    0x08009b9c   0x000000d0   Code   RO         2646    i.SystemClockConfig  board.o
    0x08009c6c   0x000000c8   Code   RO         2647    i.SystemClockReConfig  board.o
    0x08009d34   0x00000050   Code   RO         4911    i.SystemInit        system_stm32l1xx.o
    0x08009d84   0x00000004   Code   RO         3699    i.TimerGetCurrentTime  timer.o
    0x08009d88   0x00000004   Code   RO         3700    i.TimerGetElapsedTime  timer.o
    0x08009d8c   0x0000000e   Code   RO         3703    i.TimerInit         timer.o
    0x08009d9a   0x00000002   PAD
    0x08009d9c   0x00000024   Code   RO         3704    i.TimerInsertNewHeadTimer  timer.o
    0x08009dc0   0x00000050   Code   RO         3705    i.TimerInsertTimer  timer.o
    0x08009e10   0x00000054   Code   RO         3706    i.TimerIrqHandler   timer.o
    0x08009e64   0x00000028   Code   RO         3707    i.TimerLowPowerHandler  timer.o
    0x08009e8c   0x00000012   Code   RO         3708    i.TimerReset        timer.o
    0x08009e9e   0x00000002   PAD
    0x08009ea0   0x00000020   Code   RO         3709    i.TimerSetTimeout   timer.o
    0x08009ec0   0x00000010   Code   RO         3710    i.TimerSetValue     timer.o
    0x08009ed0   0x00000060   Code   RO         3711    i.TimerStart        timer.o
    0x08009f30   0x0000008c   Code   RO         3712    i.TimerStop         timer.o
    0x08009fbc   0x000000a6   Code   RO         2213    i.UART_Receive_IT   stm32l1xx_hal_uart.o
    0x0800a062   0x00000002   PAD
    0x0800a064   0x00000334   Code   RO         2214    i.UART_SetConfig    stm32l1xx_hal_uart.o
    0x0800a398   0x00000066   Code   RO         2215    i.UART_Transmit_IT  stm32l1xx_hal_uart.o
    0x0800a3fe   0x00000092   Code   RO         2216    i.UART_WaitOnFlagUntilTimeout  stm32l1xx_hal_uart.o
    0x0800a490   0x0000000c   Code   RO         3388    i.USART1_IRQHandler  uart-board.o
    0x0800a49c   0x0000004c   Code   RO         5232    i.UartConfig        uart.o
    0x0800a4e8   0x0000000e   Code   RO         5235    i.UartGetChar       uart.o
    0x0800a4f6   0x0000001a   Code   RO         5236    i.UartInit          uart.o
    0x0800a510   0x00000118   Code   RO         3389    i.UartMcuConfig     uart-board.o
    0x0800a628   0x0000002e   Code   RO         3391    i.UartMcuGetChar    uart-board.o
    0x0800a656   0x00000002   PAD
    0x0800a658   0x00000060   Code   RO         3392    i.UartMcuInit       uart-board.o
    0x0800a6b8   0x0000004c   Code   RO         4136    i.ValidatePayloadLength  loramac.o
    0x0800a704   0x0000000c   Code   RO         3472    i.WriteReg          rs485-board.o
    0x0800a710   0x00000020   Code   RO         5540    i.__0printf         mc_w.l(printfa.o)
    0x0800a730   0x00000028   Code   RO         5542    i.__0sprintf        mc_w.l(printfa.o)
    0x0800a758   0x0000000e   Code   RO         5646    i.__scatterload_copy  mc_w.l(handlers.o)
    0x0800a766   0x00000002   Code   RO         5647    i.__scatterload_null  mc_w.l(handlers.o)
    0x0800a768   0x0000000e   Code   RO         5648    i.__scatterload_zeroinit  mc_w.l(handlers.o)
    0x0800a776   0x00000002   PAD
    0x0800a778   0x00000164   Code   RO         5547    i._fp_digits        mc_w.l(printfa.o)
    0x0800a8dc   0x000006dc   Code   RO         5548    i._printf_core      mc_w.l(printfa.o)
    0x0800afb8   0x00000024   Code   RO         5549    i._printf_post_padding  mc_w.l(printfa.o)
    0x0800afdc   0x0000002e   Code   RO         5550    i._printf_pre_padding  mc_w.l(printfa.o)
    0x0800b00a   0x0000000a   Code   RO         5552    i._sputc            mc_w.l(printfa.o)
    0x0800b014   0x00000010   Code   RO         5014    i._tm1637ClkHigh    stm32_tm1637.o
    0x0800b024   0x00000010   Code   RO         5015    i._tm1637ClkLow     stm32_tm1637.o
    0x0800b034   0x00000014   Code   RO         5016    i._tm1637DelayUsec  stm32_tm1637.o
    0x0800b048   0x00000010   Code   RO         5017    i._tm1637DioHigh    stm32_tm1637.o
    0x0800b058   0x00000010   Code   RO         5018    i._tm1637DioLow     stm32_tm1637.o
    0x0800b068   0x0000004e   Code   RO         4392    i.aes_encrypt       aes.o
    0x0800b0b6   0x00000002   PAD
    0x0800b0b8   0x000000f4   Code   RO         4393    i.aes_set_key       aes.o
    0x0800b1ac   0x0000003c   Code   RO         2648    i.assert_failed     board.o
    0x0800b1e8   0x000000dc   Code   RO         5289    i.ceil              m_ws.l(ceil.o)
    0x0800b2c4   0x00000084   Code   RO         4394    i.copy_and_key      aes.o
    0x0800b348   0x00000042   Code   RO         4395    i.copy_block        aes.o
    0x0800b38a   0x00000002   PAD
    0x0800b38c   0x00000154   Code   RO         2649    i.displayNum        board.o
    0x0800b4e0   0x000000dc   Code   RO         5293    i.floor             m_ws.l(floor.o)
    0x0800b5bc   0x00000012   Code   RO         5618    i.fputc             mc_w.l(fputc.o)
    0x0800b5ce   0x00000002   PAD
    0x0800b5d0   0x00000120   Code   RO         4955    i.main              main.o
    0x0800b6f0   0x00000012   Code   RO         5171    i.memcpy1           utilities.o
    0x0800b702   0x00000016   Code   RO         5172    i.memcpyr           utilities.o
    0x0800b718   0x0000000e   Code   RO         5173    i.memset1           utilities.o
    0x0800b726   0x00000002   PAD
    0x0800b728   0x0000021c   Code   RO         4396    i.mix_sub_columns   aes.o
    0x0800b944   0x00000138   Code   RO         3473    i.onRS485Message    rs485-board.o
    0x0800ba7c   0x00000028   Code   RO         5174    i.rand1             utilities.o
    0x0800baa4   0x0000001a   Code   RO         5175    i.randr             utilities.o
    0x0800babe   0x00000002   PAD
    0x0800bac0   0x00000094   Code   RO         5296    i.round             m_ws.l(round.o)
    0x0800bb54   0x00000068   Code   RO         4397    i.shift_sub_rows    aes.o
    0x0800bbbc   0x0000000c   Code   RO         5176    i.srand1            utilities.o
    0x0800bbc8   0x00000084   Code   RO         5020    i.tm1637Init        stm32_tm1637.o
    0x0800bc4c   0x00000022   Code   RO         5021    i.tm1637_clear      stm32_tm1637.o
    0x0800bc6e   0x00000002   PAD
    0x0800bc70   0x00000040   Code   RO         5023    i.tm1637_cls        stm32_tm1637.o
    0x0800bcb0   0x00000014   Code   RO         5024    i.tm1637_locate     stm32_tm1637.o
    0x0800bcc4   0x000000ac   Code   RO         5025    i.tm1637_putc       stm32_tm1637.o
    0x0800bd70   0x00000010   Code   RO         5027    i.tm1637_setBrightness  stm32_tm1637.o
    0x0800bd80   0x00000012   Code   RO         5028    i.tm1637_setDisplay  stm32_tm1637.o
    0x0800bd92   0x00000018   Code   RO         5029    i.tm1637_setIcon    stm32_tm1637.o
    0x0800bdaa   0x0000001a   Code   RO         5031    i.tm1637_start      stm32_tm1637.o
    0x0800bdc4   0x00000024   Code   RO         5032    i.tm1637_stop       stm32_tm1637.o
    0x0800bde8   0x00000064   Code   RO         5033    i.tm1637_write      stm32_tm1637.o
    0x0800be4c   0x00000020   Code   RO         5034    i.tm1637_writeCmd   stm32_tm1637.o
    0x0800be6c   0x00000044   Code   RO         5035    i.tm1637_writeData  stm32_tm1637.o
    0x0800beb0   0x00000024   Code   RO         3474    i.writeEEPROMByte   rs485-board.o
    0x0800bed4   0x00000082   Code   RO         4398    i.xor_block         aes.o
    0x0800bf56   0x00000018   Data   RO         3072    .constdata          rtc-board.o
    0x0800bf6e   0x00000002   PAD
    0x0800bf70   0x0000005c   Data   RO         3188    .constdata          sx1276-board.o
    0x0800bfcc   0x00000018   Data   RO         3318    .constdata          led-board.o
    0x0800bfe4   0x000000e0   Data   RO         3892    .constdata          sx1276.o
    0x0800c0c4   0x00000010   Data   RO         4138    .constdata          loramac.o
    0x0800c0d4   0x00000300   Data   RO         4399    .constdata          aes.o
    0x0800c3d4   0x0000002c   Data   RO         4762    .constdata          regioncn470.o
    0x0800c400   0x00000019   Data   RO         4912    .constdata          system_stm32l1xx.o
    0x0800c419   0x00000008   Data   RO         4913    .constdata          system_stm32l1xx.o
    0x0800c421   0x00000003   PAD
    0x0800c424   0x00000018   Data   RO         5036    .constdata          stm32_tm1637.o
    0x0800c43c   0x00000006   Data   RO         5154    .constdata          font_7seg.o
    0x0800c442   0x000000c0   Data   RO         5155    .constdata          font_7seg.o
    0x0800c502   0x00000002   PAD
    0x0800c504   0x00000020   Data   RO         5644    Region$$Table       anon$$obj.o


    Execution Region RW_IRAM1 (Base: 0x20000000, Size: 0x00001190, Max: 0x00002800, ABSOLUTE)

    Base Addr    Size         Type   Attr      Idx    E Section Name        Object

    0x20000000   0x00000004   Data   RW         1728    .data               stm32l1xx_hal.o
    0x20000004   0x00000003   Data   RW         2653    .data               board.o
    0x20000007   0x00000001   Data   RW         2995    .data               i2c-board.o
    0x20000008   0x00000010   Data   RW         3073    .data               rtc-board.o
    0x20000018   0x00000001   Data   RW         3189    .data               sx1276-board.o
    0x20000019   0x00000001   PAD
    0x2000001a   0x00000004   Data   RW         3273    .data               sht3x-board.o
    0x2000001e   0x00000001   Data   RW         3319    .data               led-board.o
    0x2000001f   0x00000002   Data   RW         3395    .data               uart-board.o
    0x20000021   0x00000002   Data   RW         3477    .data               rs485-board.o
    0x20000023   0x00000001   Data   RW         3644    .data               i2c.o
    0x20000024   0x00000008   Data   RW         3713    .data               timer.o
    0x2000002c   0x0000001c   Data   RW         3893    .data               sx1276.o
    0x20000048   0x0000006c   Data   RW         4139    .data               loramac.o
    0x200000b4   0x00000020   Data   RW         4347    .data               loramaccrypto.o
    0x200000d4   0x00000010   Data   RW         4763    .data               regioncn470.o
    0x200000e4   0x00000004   Data   RW         4914    .data               system_stm32l1xx.o
    0x200000e8   0x0000002c   Data   RW         4957    .data               main.o
    0x20000114   0x00000004   Data   RW         5177    .data               utilities.o
    0x20000118   0x00000004   Data   RW         5620    .data               mc_w.l(stdout.o)
    0x2000011c   0x00000018   Zero   RW          250    .bss                stm32l1xx_hal_flash.o
    0x20000134   0x00000080   Zero   RW         2651    .bss                board.o
    0x200001b4   0x00000038   Zero   RW         2652    .bss                board.o
    0x200001ec   0x00000040   Zero   RW         2895    .bss                gpio-board.o
    0x2000022c   0x00000034   Zero   RW         3071    .bss                rtc-board.o
    0x20000260   0x00000018   Zero   RW         3187    .bss                sx1276-board.o
    0x20000278   0x00000018   Zero   RW         3317    .bss                led-board.o
    0x20000290   0x00000040   Zero   RW         3394    .bss                uart-board.o
    0x200002d0   0x00000050   Zero   RW         3475    .bss                rs485-board.o
    0x20000320   0x0000027c   Zero   RW         3891    .bss                sx1276.o
    0x2000059c   0x00000470   Zero   RW         4137    .bss                loramac.o
    0x20000a0c   0x0000022c   Zero   RW         4346    .bss                loramaccrypto.o
    0x20000c38   0x00000024   Zero   RW         4761    .bss                regioncn470.o
    0x20000c5c   0x00000130   Zero   RW         4956    .bss                main.o
    0x20000d8c   0x00000004   PAD
    0x20000d90   0x00000400   Zero   RW         4900    STACK               startup_stm32l151xb.o


==============================================================================

Image component sizes


      Code (inc. data)   RO Data    RW Data    ZI Data      Debug   Object Name

      1294         14        768          0          0      12312   aes.o
      1108        138          0          3        184      14603   board.o
       540          0          0          0          0       3977   cmac.o
         4          0          0          0          0        678   delay.o
       124          0          0          0          0       3383   fifo.o
         0          0        198          0          0        521   font_7seg.o
       814         76          0          0         64       6251   gpio-board.o
        66          0          0          0          0       1742   gpio.o
       228         24          0          1          0       3394   i2c-board.o
        80         14          0          1          0       1490   i2c.o
       184         58         24          1         24       5615   led-board.o
      7450        492         16        108       1136      36723   loramac.o
       654         40          0         32        556       5327   loramaccrypto.o
      1172        106          0         44        304       6248   main.o
       392          0          0          0          0      31629   region.o
      2036        184         44         16         36      17748   regioncn470.o
       980         14          0          0          0      18217   regioncommon.o
       780         82          0          2         80       6742   rs485-board.o
      1642        172         24         16         52      10039   rtc-board.o
       160         34          0          4          0       1655   sht3x-board.o
       464         52          0          0          0       2804   spi-board.o
        36          8        244          0       1024        744   startup_stm32l151xb.o
       826         48         24          0          0       9342   stm32_tm1637.o
       114         18          0          4          0       3825   stm32l1xx_hal.o
       562        254          0          0          0     401349   stm32l1xx_hal_cortex.o
       156         14          0          0         24       1450   stm32l1xx_hal_flash.o
      1276        354          0          0          0       7007   stm32l1xx_hal_flash_ex.o
       836        188          0          0          0       2699   stm32l1xx_hal_gpio.o
      1834        148          0          0          0       8420   stm32l1xx_hal_i2c.o
       168         70          0          0          0       1062   stm32l1xx_hal_pwr.o
        48          8          0          0          0        989   stm32l1xx_hal_pwr_ex.o
      3536        218          0          0          0       6880   stm32l1xx_hal_rcc.o
       508         84          0          0          0       1336   stm32l1xx_hal_rcc_ex.o
      1896        314          0          0          0       7549   stm32l1xx_hal_rtc.o
      1356        192          0          0          0       4746   stm32l1xx_hal_rtc_ex.o
         2          0          0          0          0        922   stm32l1xx_hal_spi.o
       436         68          0          0          0       1071   stm32l1xx_hal_spi_ex.o
      2132        142          0          0          0       7458   stm32l1xx_hal_uart.o
       584         42         92          1         24       8387   sx1276-board.o
      5400        326        224         28        636      22126   sx1276.o
        80         18         33          4          0       1123   system_stm32l1xx.o
       564         34          0          8          0       6810   timer.o
       578         86          0          2         64       4299   uart-board.o
       116         18          0          0          0       1910   uart.o
       132         16          0          4          0       3051   utilities.o

    ----------------------------------------------------------------------
     43406       4168       1730        280       4212     705653   Object Totals
         0          0         32          0          0          0   (incl. Generated)
        58          0          7          1          4          0   (incl. Padding)

    ----------------------------------------------------------------------

      Code (inc. data)   RO Data    RW Data    ZI Data      Debug   Library Member Name

       220         16          0          0          0         84   ceil.o
       220         16          0          0          0         84   floor.o
       148         12          0          0          0         88   round.o
         0          0          0          0          0          0   entry.o
         0          0          0          0          0          0   entry10a.o
         0          0          0          0          0          0   entry11a.o
         8          4          0          0          0          0   entry2.o
         4          0          0          0          0          0   entry5.o
         0          0          0          0          0          0   entry7b.o
         0          0          0          0          0          0   entry8b.o
         8          4          0          0          0          0   entry9a.o
        18          0          0          0          0         80   fputc.o
        30          0          0          0          0          0   handlers.o
        36          8          0          0          0         68   init.o
         0          0          0          0          0          0   iusefp.o
         0          0          0          0          0          0   iusesemip.o
        30          0          0          0          0         68   llshl.o
        36          0          0          0          0         68   llsshr.o
        32          0          0          0          0         68   llushr.o
        36          0          0          0          0         68   memcpya.o
        36          0          0          0          0        108   memseta.o
      2276         96          0          0          0        596   printfa.o
         0          0          0          0          0          0   semi.o
         0          0          0          4          0          0   stdout.o
        44          0          0          0          0         80   uidiv.o
        98          0          0          0          0         92   uldiv.o
        40          2          0          0          0         68   cdcmple.o
        40          2          0          0          0         68   cdrcmple.o
        56          0          0          0          0         88   d2f.o
       334          0          0          0          0        148   dadd.o
       222          0          0          0          0        100   ddiv.o
       182          0          0          0          0        176   depilogue.o
        62          0          0          0          0         80   dfixi.o
        50          0          0          0          0         76   dfixui.o
        48          0          0          0          0         68   dfixul.o
        34          0          0          0          0         76   dflti.o
        26          0          0          0          0         76   dfltui.o
       228          0          0          0          0         96   dmul.o
       136          4          0          0          0         92   drnd.o
        46          0          0          0          0         80   dscalb.o
        38          0          0          0          0         68   f2d.o
       176          0          0          0          0        140   fadd.o
       110          0          0          0          0        168   fepilogue.o
        50          0          0          0          0         68   ffixi.o
        40          0          0          0          0         68   ffixui.o
        18          0          0          0          0         68   fflti.o
        10          0          0          0          0         68   ffltui.o
       100          0          0          0          0         76   fmul.o

    ----------------------------------------------------------------------
      5332        164          0          4          0       3568   Library Totals
         6          0          0          0          0          0   (incl. Padding)

    ----------------------------------------------------------------------

      Code (inc. data)   RO Data    RW Data    ZI Data      Debug   Library Name

       588         44          0          0          0        256   m_ws.l
      2692        112          0          4          0       1296   mc_w.l
      2046          8          0          0          0       2016   mf_w.l

    ----------------------------------------------------------------------
      5332        164          0          4          0       3568   Library Totals

    ----------------------------------------------------------------------

==============================================================================


      Code (inc. data)   RO Data    RW Data    ZI Data      Debug   

     48738       4332       1730        284       4212     688781   Grand Totals
     48738       4332       1730        284       4212     688781   ELF Image Totals
     48738       4332       1730        284          0          0   ROM Totals

==============================================================================

    Total RO  Size (Code + RO Data)                50468 (  49.29kB)
    Total RW  Size (RW Data + ZI Data)              4496 (   4.39kB)
    Total ROM Size (Code + RO Data + RW Data)      50752 (  49.56kB)

==============================================================================

